(eval):1: command not found: NODE_ENV=development
