s
08-29 12:19:31.731 20921 21077 I WakeWordModule: ğŸšï¸ WAKEWORD_SENSITIVITY: Parameter received: 0.05 (type: float)
08-29 12:19:31.731 20921 21077 I WakeWordModule: ğŸšï¸ WAKEWORD_SENSITIVITY: Sensitivity percentage: 5%
08-29 12:19:31.731 20921 21077 I WakeWordModule: ğŸšï¸ WAKEWORD_SENSITIVITY: ========== VALIDATING SENSITIVITY ==========
08-29 12:19:31.731 20921 21077 I WakeWordModule: ğŸšï¸ WAKEWORD_SENSITIVITY: Valid range: 0.0 - 1.0
08-29 12:19:31.731 20921 21077 I WakeWordModule: ğŸšï¸ WAKEWORD_SENSITIVITY: Received value: 0.05
08-29 12:19:31.731 20921 21077 I WakeWordModule: ğŸšï¸ WAKEWORD_SENSITIVITY: âœ… Sensitivity value 0.05 is valid
08-29 12:19:31.731 20921 21077 I WakeWordModule: ğŸšï¸ WAKEWORD_SENSITIVITY: ========== SAVING TO SHARED PREFERENCES ==========
08-29 12:19:31.731 20921 21077 I WakeWordModule: ğŸšï¸ WAKEWORD_SENSITIVITY: Previous sensitivity: 0.05 (5%)
08-29 12:19:31.731 20921 21077 I WakeWordModule: ğŸšï¸ WAKEWORD_SENSITIVITY: New sensitivity: 0.05 (5%)
08-29 12:19:31.731 20921 21077 I WakeWordModule: ğŸšï¸ WAKEWORD_SENSITIVITY: â„¹ï¸ Sensitivity unchanged, but saving anyway
08-29 12:19:31.732 20921 21077 I WakeWordModule: ğŸšï¸ WAKEWORD_SENSITIVITY: SharedPreferences save took 1ms
08-29 12:19:31.732 20921 21077 I WakeWordModule: ğŸšï¸ WAKEWORD_SENSITIVITY: Save result: true
08-29 12:19:31.732 20921 21077 I WakeWordModule: ğŸšï¸ WAKEWORD_SENSITIVITY: ========== VERIFICATION ==========
08-29 12:19:31.732 20921 21077 I WakeWordModule: ğŸšï¸ WAKEWORD_SENSITIVITY: Verified saved sensitivity: 0.05 (5%)
08-29 12:19:31.732 20921 21077 I WakeWordModule: ğŸšï¸ WAKEWORD_SENSITIVITY: ========== SUCCESS ==========
08-29 12:19:31.732 20921 21077 I WakeWordModule: ğŸšï¸ WAKEWORD_SENSITIVITY: âœ… Sensitivity changed from 0.05 (5%) to 0.05 (5%)
08-29 12:19:31.732 20921 21077 I WakeWordModule: ğŸšï¸ WAKEWORD_SENSITIVITY: âœ… Sensitivity preference saved and verified successfully
08-29 12:19:31.732 20921 21077 I WakeWordModule: ğŸšï¸ WAKEWORD_SENSITIVITY: âš ï¸ Note: Service restart required for change to take effect
08-29 12:19:31.732 20921 21077 I WakeWordModule: ğŸšï¸ WAKEWORD_SENSITIVITY: ================================================
08-29 12:19:42.720 20921 23161 D WakeWordService: ğŸ™ï¸ AUDIO_LOOP: Processed 240 chunks in 30s (isPaused: false)
08-29 12:19:53.800 20921 23161 I WakeWordService: ğŸ¯ WAKEWORD_TRIGGER: âš¡ WAKE WORD DETECTED! Confidence: 0.5549 (threshold: 0.05)
08-29 12:19:53.801 20921 23161 I WakeWordService: ğŸ”¥ WAKEWORD_USE: ================================================
08-29 12:19:53.801 20921 23161 I WakeWordService: ğŸ”¥ WAKEWORD_USE: *** WAKE WORD 'Juniper' ACTIVATED ***
08-29 12:19:53.801 20921 23161 I WakeWordService: ğŸ”¥ WAKEWORD_USE: Time: 12:19:53.800
08-29 12:19:53.801 20921 23161 I WakeWordService: ğŸ”¥ WAKEWORD_USE: Confidence: 0.5548779
08-29 12:19:53.801 20921 23161 I WakeWordService: ğŸ”¥ WAKEWORD_USE: Threshold: 0.05
08-29 12:19:53.801 20921 23161 I WakeWordService: ğŸ”¥ WAKEWORD_USE: Timestamp: 1756487993800
08-29 12:19:53.801 20921 23161 I WakeWordService: ğŸ”¥ WAKEWORD_USE: ================================================
08-29 12:19:53.801 20921 23161 I WakeWordService: ğŸ“± BACKGROUND_CHECK: ========== CHECKING APP STATE ==========
08-29 12:19:53.801 20921 23161 I WakeWordService: ğŸ“± BACKGROUND_CHECK: App currently in foreground: true
08-29 12:19:53.801 20921 23161 I WakeWordService: ğŸ“± BACKGROUND_CHECK: App already in foreground - proceeding normally
08-29 12:19:53.802 20921 23161 I WakeWordService: ğŸ“¡ BROADCAST_SEND: ========== SENDING WAKE WORD BROADCAST ==========
08-29 12:19:53.802 20921 23161 I WakeWordService: ğŸ“¡ BROADCAST_SEND: Send timestamp: 1756487993802
08-29 12:19:53.802 20921 23161 I WakeWordService: ğŸ“¡ BROADCAST_SEND: Action: com.hightowerai.MobileJarvisNative.WAKE_WORD_DETECTED_RN
08-29 12:19:53.802 20921 23161 I WakeWordService: ğŸ“¡ BROADCAST_SEND: Wake word: 'Juniper'
08-29 12:19:53.802 20921 23161 I WakeWordService: ğŸ“¡ BROADCAST_SEND: Confidence: 0.5548779
08-29 12:19:53.805 20921 20921 I WakeWordModule: ğŸ“» RECEIVER_TRIGGER: ========== BROADCAST RECEIVED ==========
08-29 12:19:53.805 20921 20921 I WakeWordModule: ğŸ“» RECEIVER_TRIGGER: Receive timestamp: 1756487993805
08-29 12:19:53.805 20921 20921 I WakeWordModule: ğŸ“» RECEIVER_TRIGGER: Intent action: com.hightowerai.MobileJarvisNative.WAKE_WORD_DETECTED_RN
08-29 12:19:53.805 20921 20921 I WakeWordModule: ğŸ“» RECEIVER_TRIGGER: Expected action: com.hightowerai.MobileJarvisNative.WAKE_WORD_DETECTED_RN
08-29 12:19:53.805 20921 20921 I WakeWordModule: ğŸ“» RECEIVER_TRIGGER: Action matches: true
08-29 12:19:53.806 20921 20921 I WakeWordModule: ğŸ“¡ RN_BRIDGE: ========== WAKE WORD BROADCAST RECEIVED ==========
08-29 12:19:53.806 20921 20921 I WakeWordModule: ğŸ“¡ RN_BRIDGE: ğŸ‘‚ WAKE WORD DETECTED EVENT FROM NATIVE SERVICE
08-29 12:19:53.806 20921 20921 I WakeWordModule: ğŸ“¡ RN_BRIDGE: ğŸ•’ Time: 12:19:53.800
08-29 12:19:53.807 20921 20921 I WakeWordModule: ğŸ“¡ RN_BRIDGE: ğŸ¯ Wake word: 'Juniper'
08-29 12:19:53.807 20921 20921 I WakeWordModule: ğŸ“¡ RN_BRIDGE: ğŸ“Š Confidence: 0.5549
08-29 12:19:53.807 20921 20921 I WakeWordModule: ğŸ“¡ RN_BRIDGE: ğŸš€ Forwarding to JavaScript...
08-29 12:19:53.807 20921 20921 D WakeWordModule: ğŸ“¡ SEND_EVENT: About to emit event 'wakeWordDetected' to React Native
08-29 12:19:53.807 20921 20921 D WakeWordModule: ğŸ“¡ SEND_EVENT: Params: {"wakeWord":"Juniper","confidence":0.5548778772354126,"timestamp":1756487993800}
08-29 12:19:53.807 20921 20921 D WakeWordModule: ğŸ“¡ SEND_EVENT: ReactApplicationContext available: true
08-29 12:19:53.808 20921 20921 D WakeWordModule: ğŸ“¡ SEND_EVENT: âœ… Event 'wakeWordDetected' emitted successfully to React Native
08-29 12:19:53.808 20921 20921 I WakeWordModule: ğŸ“¡ RN_BRIDGE: âœ… Wake word event sent to React Native successfully
08-29 12:19:53.808 20921 20921 I WakeWordModule: ğŸ“¡ RN_BRIDGE: =======================================================
08-29 12:19:53.808 20921 23161 I WakeWordService: ğŸ“¡ BROADCAST_SEND: âœ… Broadcast sent successfully
08-29 12:19:53.808 20921 23161 I WakeWordService: ğŸ”¥ WAKEWORD_USE: âœ… Sent wake word detected broadcast to React Native
08-29 12:19:53.808 20921 23161 I WakeWordService: ğŸ“¡ BROADCAST_SEND: ====================================================
08-29 12:19:53.808 20921 23161 I VoiceManager: ğŸ“± VOICE_MANAGER: ========== WAKE WORD PROCESSING ==========
08-29 12:19:53.808 20921 23161 I VoiceManager: ğŸ“± VOICE_MANAGER: App in foreground: true
08-29 12:19:53.808 20921 23161 I VoiceManager: ğŸ“± VOICE_MANAGER: Current voice state: com.hightowerai.MobileJarvisNative.voice.VoiceManager$VoiceState$IDLE@eda9de3
08-29 12:19:53.808 20921 23161 I VoiceManager: ğŸ“± VOICE_MANAGER: Timestamp: 1756487993808
08-29 12:19:53.808 20921 23161 I VoiceManager: Wake word detected, stopping wake word detection but keeping listening on...
08-29 12:19:53.811 20921 23161 D VoiceManager: Voice state transition: IDLE -> WAKE_WORD_DETECTED
08-29 12:19:53.811 20921 23161 D VoiceManager: Active conversation state (WAKE_WORD_DETECTED), pausing wake word detection
08-29 12:19:53.811 20921 23161 D TextToSpeechManager: ğŸµ TTS QUEUE: Stopping TTS and clearing queue
08-29 12:19:53.813 20921 23161 D VoiceManager: Sent broadcast to pause wake word detection but keep mic active
08-29 12:19:53.813 20921 23161 I VoiceManager: Initializing OpenAI Whisper client
08-29 12:19:53.813 20921 23161 D VoiceManager: Whisper client initialized successfully
08-29 12:19:53.813 20921 23161 I WakeWordService: ğŸ”¥ WAKEWORD_USE: âœ… Notified VoiceManager of wake word detection
08-29 12:19:53.813 20921 23161 I WakeWordService: ğŸ”¥ WAKEWORD_USE: Pausing wake word detection to prevent interruption during voice session
08-29 12:19:53.814 20921 23161 I WakeWordService: â¸ï¸ PAUSE_RESUME: ========== PAUSING WAKE WORD DETECTION ==========
08-29 12:19:53.814 20921 23161 I WakeWordService: â¸ï¸ PAUSE_RESUME: Timestamp: 1756487993814
08-29 12:19:53.814 20921 23161 I WakeWordService: â¸ï¸ PAUSE_RESUME: Reason: Voice session active - releasing mic for speech recognition
08-29 12:19:53.814 20921 23161 I WakeWordService: â¸ï¸ PAUSE_RESUME: Stopping recording thread...
08-29 12:19:53.814 20921 23161 I WakeWordService: â¸ï¸ PAUSE_RESUME: Stopping and releasing AudioRecord for mic handoff
08-29 12:19:53.815 20921 20921 D DeepgramClient: ğŸµ DEEPGRAM_INIT: ========== Initializing Deepgram client ==========
08-29 12:19:53.815 20921 20921 D DeepgramClient: ğŸµ DEEPGRAM_INIT: OkHttp client configured
08-29 12:19:53.815 20921 20921 D DeepgramClient: ğŸµ DEEPGRAM_INIT: ConfigManager obtained
08-29 12:19:53.820 20921 20921 D DeepgramClient: ğŸµ DEEPGRAM_INIT: MediaPlayer created
08-29 12:19:53.820 20921 20921 D DeepgramClient: ğŸµ DEEPGRAM_INIT: AudioManager obtained
08-29 12:19:53.820 20921 20921 I DeepgramClient: ğŸµ DEEPGRAM_INIT: âœ… Deepgram client initialized successfully in 5ms
08-29 12:19:53.820 20921 20921 D DeepgramClient: ğŸµ DEEPGRAM_INIT: =============================================
08-29 12:19:53.820 20921 20921 D VoiceManager: Deepgram client initialized for future use
08-29 12:19:53.821 20921 20921 D VoiceManager: Starting speech recognition on main thread after wake word
08-29 12:19:53.821 20921 20921 D VoiceManager: startListening() called. Attempting to start speech recognition...
08-29 12:19:53.823 20921 20921 D VoiceManager: Sent broadcast to pause wake word detection during listening
08-29 12:19:53.823 20921 20921 I VoiceManager: ğŸµ SPEECH_RECOGNITION: Requesting HIGH PRIORITY audio focus for speech recognition
08-29 12:19:53.824 20921 20921 D AudioManager: Requesting audio focus: SPEECH_RECOGNITION (ID: speech_recognition_1756487993824)
08-29 12:19:53.824 20921 20921 I AudioManager: Higher priority request (SPEECH_RECOGNITION) interrupting current (BACKGROUND_AUDIO)
08-29 12:19:53.824 20921 20921 I AudioManager: Interrupting current request BACKGROUND_AUDIO (ID: wake_word_detection) for higher priority
08-29 12:19:53.824 20921 20921 W WakeWordService: ğŸµ WAKE_WORD_SETUP: Audio focus LOST for wake word detection
08-29 12:19:53.824 20921 20921 I AudioManager: Abandoning audio focus: BACKGROUND_AUDIO (ID: wake_word_detection)
08-29 12:19:53.836 20921 20921 I AudioManager: Audio focus granted: SPEECH_RECOGNITION (ID: speech_recognition_1756487993824)
08-29 12:19:53.837 20921 20921 I VoiceManager: ğŸµ SPEECH_RECOGNITION: HIGH PRIORITY audio focus gained for speech recognition
08-29 12:19:53.837 20921 20921 I VoiceManager: ğŸµ SPEECH_RECOGNITION: HIGH PRIORITY audio focus granted - starting SpeechRecognizer on main thread
08-29 12:19:53.837 20921 20921 D VoiceManager: Voice state transition: WAKE_WORD_DETECTED -> LISTENING
08-29 12:19:53.838 20921 20921 D VoiceManager: Active conversation state (LISTENING), pausing wake word detection
08-29 12:19:53.838 20921 20921 D TextToSpeechManager: ğŸµ TTS QUEUE: Stopping TTS and clearing queue
08-29 12:19:53.840 20921 20921 D VoiceManager: LISTENING state detected but isListening=false, reactivating speech recognizer
08-29 12:19:53.841 20921 20921 D VoiceManager: Speech recognition parameters: minLength=4000, completeSilence=3500, possibleSilence=2500
08-29 12:19:53.841 20921 20921 I VoiceManager: Using Android default timing parameters for SpeechRecognizer
08-29 12:19:53.842 20921 20921 I VoiceManager: SpeechRecognizer started listening.
08-29 12:19:53.864 20921 20921 I WakeWordService: ğŸ”¥ WAKEWORD_USE: âœ… Displayed detection toast to user
08-29 12:19:53.889 20921 23161 I WakeWordService: â¸ï¸ PAUSE_RESUME: âœ… AudioRecord released - mic available for speech recognition
08-29 12:19:53.890 20921 23161 E WakeWordService: â¸ï¸ PAUSE_RESUME: Error stopping recording thread/AudioRecord: null
08-29 12:19:53.890 20921 23161 E WakeWordService: java.lang.InterruptedException
08-29 12:19:53.890 20921 23161 E WakeWordService:        at java.lang.Object.wait(Native Method)
08-29 12:19:53.890 20921 23161 E WakeWordService:        at java.lang.Object.wait(Object.java:405)
08-29 12:19:53.890 20921 23161 E WakeWordService:        at java.lang.Thread.join(Thread.java:1643)
08-29 12:19:53.890 20921 23161 E WakeWordService:        at com.hightowerai.MobileJarvisNative.wakeword.WakeWordService.pauseWakeWordButKeepMicActive(WakeWordService.kt:885)
08-29 12:19:53.890 20921 23161 E WakeWordService:        at com.hightowerai.MobileJarvisNative.wakeword.WakeWordService.sendWakeWordEvent(WakeWordService.kt:793)
08-29 12:19:53.890 20921 23161 E WakeWordService:        at com.hightowerai.MobileJarvisNative.wakeword.WakeWordService.onWakeWordDetected(WakeWordService.kt:732)
08-29 12:19:53.890 20921 23161 E WakeWordService:        at com.hightowerai.MobileJarvisNative.wakeword.WakeWordService.processAudioLoop(WakeWordService.kt:624)
08-29 12:19:53.890 20921 23161 E WakeWordService:        at com.hightowerai.MobileJarvisNative.wakeword.WakeWordService.setupAudioRecording$lambda$2(WakeWordService.kt:511)
08-29 12:19:53.890 20921 23161 E WakeWordService:        at com.hightowerai.MobileJarvisNative.wakeword.WakeWordService.$r8$lambda$6ZHPvXDNU07w3NDWY4IQ-Q0EWEs(Unknown Source:0)
08-29 12:19:53.890 20921 23161 E WakeWordService:        at com.hightowerai.MobileJarvisNative.wakeword.WakeWordService$$ExternalSyntheticLambda7.run(Unknown Source:2)
08-29 12:19:53.890 20921 23161 E WakeWordService:        at java.lang.Thread.run(Thread.java:1119)
08-29 12:19:53.890 20921 23161 D WakeWordService: â¸ï¸ PAUSE_RESUME: No wake word audio focus to release (current: speech_recognition_1756487993824)
08-29 12:19:53.894 20921 23161 I WakeWordService: â¸ï¸ PAUSE_RESUME: âœ… Wake word detection paused (mic released for speech recognition)
08-29 12:19:53.894 20921 23161 I WakeWordService: â¸ï¸ PAUSE_RESUME: Setting 2-minute auto-resume timer...
08-29 12:19:53.895 20921 23161 I WakeWordService: â¸ï¸ PAUSE_RESUME: Auto-resume timer job created: StandaloneCoroutine{Active}@b169854
08-29 12:19:53.895 20921 23161 I WakeWordService: â¸ï¸ PAUSE_RESUME: ====================================================
08-29 12:19:53.895 20921 23161 I WakeWordService: ğŸ“± BACKGROUND_CHECK: ================================================
08-29 12:19:53.895 20921 23161 I WakeWordService: ğŸ™ï¸ AUDIO_LOOP: Audio processing loop ended (isRunning: false, interrupted: false)
08-29 12:19:53.899 20921 20921 I WakeWordService: â¸ï¸ PAUSE_RESUME: ğŸ• Starting 2-minute auto-resume timer (coroutine: StandaloneCoroutine{Active}@b169854)
08-29 12:19:53.941 20921 20921 D VoiceManager: Restarting speech recognition for continuous conversation
08-29 12:19:53.942 20921 20921 D VoiceManager: startListening() called. Attempting to start speech recognition...
08-29 12:19:53.945 20921 20921 D VoiceManager: Sent broadcast to pause wake word detection during listening
08-29 12:19:53.945 20921 20921 I VoiceManager: ğŸµ SPEECH_RECOGNITION: Requesting HIGH PRIORITY audio focus for speech recognition
08-29 12:19:53.945 20921 20921 D AudioManager: Requesting audio focus: SPEECH_RECOGNITION (ID: speech_recognition_1756487993945)
08-29 12:19:53.945 20921 20921 D AudioManager: Same type request detected (SPEECH_RECOGNITION), ensuring proper cleanup before new request
08-29 12:19:53.945 20921 20921 I AudioManager: Abandoning audio focus: SPEECH_RECOGNITION (ID: speech_recognition_1756487993824)
08-29 12:19:54.049 20921 20921 I AudioManager: Audio focus granted: SPEECH_RECOGNITION (ID: speech_recognition_1756487993945)
08-29 12:19:54.049 20921 20921 I VoiceManager: ğŸµ SPEECH_RECOGNITION: HIGH PRIORITY audio focus gained for speech recognition
08-29 12:19:54.049 20921 20921 I VoiceManager: ğŸµ SPEECH_RECOGNITION: HIGH PRIORITY audio focus granted - starting SpeechRecognizer on main thread
08-29 12:19:54.049 20921 20921 D VoiceManager: Ignoring duplicate state change: LISTENING
08-29 12:19:54.049 20921 20921 D VoiceManager: Speech recognition parameters: minLength=4000, completeSilence=3500, possibleSilence=2500
08-29 12:19:54.049 20921 20921 I VoiceManager: Using Android default timing parameters for SpeechRecognizer
08-29 12:19:54.049 20921 20921 I VoiceManager: SpeechRecognizer started listening.
08-29 12:19:54.050 10156 10156 D AudioManager: dispatching onAudioFocusChange(-2) to android.media.AudioManager@1dacdb2epk@9b165cc
08-29 12:19:54.053 20921 20921 D VoiceManager: Ready for speech
08-29 12:19:54.055 20921 20921 E VoiceManager: Speech recognition error: Client error
08-29 12:19:55.989 20921 20921 D VoiceManager: Beginning of speech
08-29 12:19:56.327 20921 20921 D VoiceManager: Partial results: ''
08-29 12:19:56.601 20921 20921 D VoiceManager: Partial results: ''
08-29 12:19:56.660 20921 20921 D VoiceManager: Partial results: ''
08-29 12:19:56.756 20921 20921 D VoiceManager: Partial results: ''
08-29 12:19:56.822 20921 20921 D VoiceManager: Partial results: ''
08-29 12:19:56.900 20921 20921 D VoiceManager: Partial results: 'what'
08-29 12:19:57.204 20921 20921 D VoiceManager: Partial results: 'what have'
08-29 12:19:57.254 20921 20921 D VoiceManager: Partial results: 'what have we'
08-29 12:19:57.329 20921 20921 D VoiceManager: Partial results: 'what have we talked'
08-29 12:19:57.356 20921 20921 D VoiceManager: Partial results: 'what have we talked about'
08-29 12:19:57.863 20921 20921 D VoiceManager: Partial results: 'what have we talked about so'
08-29 12:19:57.920 20921 20921 D VoiceManager: Partial results: 'what have we talked about so far'
08-29 12:19:58.163 20921 20921 D VoiceManager: End of speech
08-29 12:19:58.182 20921 20921 D VoiceManager: Speech recognition results received: 1 matches
08-29 12:19:58.183 20921 20921 D VoiceManager: Match 0: 'what have we talked about so far'
08-29 12:19:58.183 20921 20921 I VoiceManager: Speech recognized: 'what have we talked about so far'
08-29 12:19:58.184 20921 20921 I VoiceManager: Speech recognized: "what have we talked about so far"
08-29 12:19:58.184 20921 20921 D VoiceManager: ğŸµ SPEECH_RECOGNITION: Stopping speech recognition to release audio focus for TTS
08-29 12:19:58.184 20921 20921 D AudioManager: Releasing audio focus for ID: speech_recognition_1756487993945
08-29 12:19:58.184 20921 20921 I AudioManager: Releasing current focus holder SPEECH_RECOGNITION (ID: speech_recognition_1756487993945)
08-29 12:19:58.184 20921 20921 I AudioManager: Abandoning audio focus: SPEECH_RECOGNITION (ID: speech_recognition_1756487993945)
08-29 12:19:58.187 20921 20921 D VoiceManager: ğŸµ SPEECH_RECOGNITION: Released audio focus for speech recognition
08-29 12:19:58.187 20921 20921 D VoiceManager: Voice state transition: LISTENING -> PROCESSING
08-29 12:19:58.188 20921 20921 I VoiceManager: Speech recognition completed successfully, processing command
08-29 12:19:58.188 20921 20921 D VoiceManager: Active conversation state (PROCESSING), pausing wake word detection
08-29 12:19:58.188 20921 20921 D TextToSpeechManager: ğŸµ TTS QUEUE: Stopping TTS and clearing queue
08-29 12:19:58.190 20921 20921 D VoiceManager: ğŸ“± PROCESSING_DECISION: ========== PROCESSING DECISION ==========
08-29 12:19:58.190 20921 20921 D VoiceManager: ğŸ“± PROCESSING_DECISION: App in foreground: true
08-29 12:19:58.190 20921 20921 D VoiceManager: ğŸ“± PROCESSING_DECISION: Decision: Send to React Native
08-29 12:19:58.190 20921 20921 D VoiceManager: ğŸ“± PROCESSING_DECISION: ================================================
08-29 12:19:58.190 20921 20921 D VoiceManager: ğŸ“± RN_FLOW: Processing text via React Native
08-29 12:19:58.190 20921 20921 D VoiceManager: Sending text to voice processor for processing
08-29 12:19:58.196 20921 20921 D VoiceManager: ğŸ”µ VOICE_MANAGER: Processing text via new API flow: what have we talked about so far
08-29 12:19:58.202 20921 20921 E VoiceManager: Speech recognition error: Client error
08-29 12:19:58.202 20921 20921 D VoiceManager: Ignoring speech recognition error during PROCESSING/RESPONDING state
08-29 12:19:58.202 20921 20921 D AudioManager: Releasing audio focus for ID: speech_recognition_1756487993945
08-29 12:19:58.202 20921 20921 W AudioManager: No active request found with ID speech_recognition_1756487993945
08-29 12:19:58.202 20921 20921 D VoiceManager: ğŸµ Released audio focus for speech recognition (ID: speech_recognition_1756487993945)
08-29 12:20:24.812 20921 20921 D VoiceManager: Received response from voice processor, length: 233 chars
08-29 12:20:24.813 20921 20921 I VoiceManager: Processing complete, responding to user
08-29 12:20:24.813 20921 20921 D VoiceManager: ğŸµ TTS_START: Starting TTS with fixed audio focus handling
08-29 12:20:24.815 20921 20921 D TextToSpeechManager: ğŸµ TTS QUEUE: speak() called with text: 'This appears to be our first conversation! We haven't discussed anything yet, but I'm here and ready to help with whatever you need. If you'd like me to start keeping track of our conversations for future reference, just let me know.', queueMode: 0
08-29 12:20:24.815 20921 20921 D TextToSpeechManager: ğŸµ TTS QUEUE: QUEUE_FLUSH - clearing queue and stopping current speech
08-29 12:20:24.816 20921 20921 D TextToSpeechManager: ğŸµ TTS QUEUE: Added request to queue. Queue size: 1
08-29 12:20:24.816 20921 20921 D TextToSpeechManager: ğŸµ TTS QUEUE: Processing request: 'This appears to be our first conversation! We haven't discussed anything yet, but I'm here and ready to help with whatever you need. If you'd like me to start keeping track of our conversations for future reference, just let me know.'
08-29 12:20:24.816 20921 20921 D TextToSpeechManager: ğŸµ TTS TIMING: speakImmediately() called at 1756488024816 with text: 'This appears to be our first conversation! We haven't discussed anything yet, but I'm here and ready to help with whatever you need. If you'd like me to start keeping track of our conversations for future reference, just let me know.'
08-29 12:20:24.817 20921 20921 D TextToSpeechManager: ğŸµ TTS: Requesting audio focus (ID: tts_ba2587dd-7f8c-46cf-8959-bce2bd680084)
08-29 12:20:24.817 20921 20921 D AudioManager: Requesting audio focus: TTS (ID: tts_ba2587dd-7f8c-46cf-8959-bce2bd680084)
08-29 12:20:24.821 20921 20921 I AudioManager: Audio focus granted: TTS (ID: tts_ba2587dd-7f8c-46cf-8959-bce2bd680084)
08-29 12:20:24.821 20921 20921 D TextToSpeechManager: ğŸµ TTS audio focus gained
08-29 12:20:24.822 20921 20921 D TextToSpeechManager: ğŸµ TTS audio focus request result: true
08-29 12:20:24.822 20921 20921 D TextToSpeechManager: ğŸµ TTS TIMING: Audio focus handling took 6ms - granted: true
08-29 12:20:24.823 20921 20921 D TextToSpeechManager: Generated utterance ID: 4bba3adc-e29d-4070-a29e-f3a90b7f8c2d
08-29 12:20:24.823 20921 20921 D TextToSpeechManager: ğŸµ TTS TIMING: Calling textToSpeech.speak() at 7ms
08-29 12:20:24.825 20921 20921 D TextToSpeechManager: ğŸµ TTS TIMING: textToSpeech.speak() returned at 9ms: 0
08-29 12:20:24.825 20921 20921 I TextToSpeechManager: TTS speak() call successful
08-29 12:20:24.942 20921 21112 D TextToSpeechManager: ğŸµ TTS TIMING: Speech ACTUALLY started for utterance: 4bba3adc-e29d-4070-a29e-f3a90b7f8c2d at 126ms
08-29 12:20:37.893 20921 21112 D TextToSpeechManager: ğŸµ TTS TIMING: Speech completed for utterance: 4bba3adc-e29d-4070-a29e-f3a90b7f8c2d at 13077ms
08-29 12:20:37.893 20921 21112 D AudioManager: Releasing audio focus for ID: tts_ba2587dd-7f8c-46cf-8959-bce2bd680084
08-29 12:20:37.893 20921 21112 I AudioManager: Releasing current focus holder TTS (ID: tts_ba2587dd-7f8c-46cf-8959-bce2bd680084)
08-29 12:20:37.893 20921 21112 I AudioManager: Abandoning audio focus: TTS (ID: tts_ba2587dd-7f8c-46cf-8959-bce2bd680084)
08-29 12:20:37.900 20921 21112 D TextToSpeechManager: ğŸµ TTS audio focus released
08-29 12:20:37.901 20921 21112 D TextToSpeechManager: ğŸµ TTS QUEUE: Request completed, processing next
08-29 12:20:37.901 20921 21112 I VoiceManager: TTS complete, setting state to LISTENING to continue conversation
08-29 12:20:38.203 20921 20921 D VoiceManager: Voice state transition: RESPONDING -> LISTENING
08-29 12:20:38.204 20921 20921 D VoiceManager: Active conversation state (LISTENING), pausing wake word detection
08-29 12:20:38.204 20921 20921 D TextToSpeechManager: ğŸµ TTS QUEUE: Stopping TTS and clearing queue
08-29 12:20:38.206 20921 20921 D VoiceManager: LISTENING state detected but isListening=false, reactivating speech recognizer
08-29 12:20:38.311 20921 20921 D VoiceManager: Restarting speech recognition for continuous conversation
08-29 12:20:38.312 20921 20921 D VoiceManager: startListening() called. Attempting to start speech recognition...
08-29 12:20:38.318 20921 20921 D VoiceManager: Sent broadcast to pause wake word detection during listening
08-29 12:20:38.318 20921 20921 I VoiceManager: ğŸµ SPEECH_RECOGNITION: Requesting HIGH PRIORITY audio focus for speech recognition
08-29 12:20:38.319 20921 20921 D AudioManager: Requesting audio focus: SPEECH_RECOGNITION (ID: speech_recognition_1756488038318)
08-29 12:20:38.322 20921 20921 I AudioManager: Audio focus granted: SPEECH_RECOGNITION (ID: speech_recognition_1756488038318)
08-29 12:20:38.322 20921 20921 I VoiceManager: ğŸµ SPEECH_RECOGNITION: HIGH PRIORITY audio focus gained for speech recognition
08-29 12:20:38.322 20921 20921 I VoiceManager: ğŸµ SPEECH_RECOGNITION: HIGH PRIORITY audio focus granted - starting SpeechRecognizer on main thread
08-29 12:20:38.322 20921 20921 D VoiceManager: Ignoring duplicate state change: LISTENING
08-29 12:20:38.322 20921 20921 D VoiceManager: Speech recognition parameters: minLength=4000, completeSilence=3500, possibleSilence=2500
08-29 12:20:38.322 20921 20921 I VoiceManager: Using Android default timing parameters for SpeechRecognizer
08-29 12:20:38.322 20921 20921 I VoiceManager: SpeechRecognizer started listening.
08-29 12:20:38.344 20921 20921 D AudioManager: dispatching onAudioFocusChange(-2) to android.media.AudioManager@a176834com.hightowerai.MobileJarvisNative.utils.AudioManager$$ExternalSyntheticLambda13@ea713c2
08-29 12:20:38.344 20921 20921 I AudioManager: Transient focus loss for SPEECH_RECOGNITION
08-29 12:20:38.345 20921 20921 W VoiceManager: ğŸµ SPEECH_RECOGNITION: Audio focus lost for speech recognition
08-29 12:20:38.345 20921 20921 D VoiceManager: ğŸµ SPEECH_RECOGNITION: Transient audio focus loss - will wait for recovery
08-29 12:20:38.405 20921 20921 D VoiceManager: Ready for speech
08-29 12:20:43.409 20921 20921 D AudioManager: dispatching onAudioFocusChange(1) to android.media.AudioManager@a176834com.hightowerai.MobileJarvisNative.utils.AudioManager$$ExternalSyntheticLambda13@ea713c2
08-29 12:20:43.409 20921 20921 D AudioManager: Audio focus gained for SPEECH_RECOGNITION
08-29 12:20:43.409 20921 20921 I VoiceManager: ğŸµ SPEECH_RECOGNITION: HIGH PRIORITY audio focus gained for speech recognition
08-29 12:20:43.484 20921 20921 E VoiceManager: Speech recognition error: No recognition match
08-29 12:20:43.484 20921 20921 D VoiceManager: ğŸµ SPEECH_RECOGNITION: Releasing audio focus before retry
08-29 12:20:43.484 20921 20921 D AudioManager: Releasing audio focus for ID: speech_recognition_1756488038318
08-29 12:20:43.484 20921 20921 I AudioManager: Releasing current focus holder SPEECH_RECOGNITION (ID: speech_recognition_1756488038318)
08-29 12:20:43.484 20921 20921 I AudioManager: Abandoning audio focus: SPEECH_RECOGNITION (ID: speech_recognition_1756488038318)
08-29 12:20:43.486 20921 20921 D VoiceManager: ğŸµ Released audio focus for speech recognition (ID: speech_recognition_1756488038318)
08-29 12:20:43.486 20921 20921 D VoiceManager: No speech detected
08-29 12:20:43.486 20921 20921 D VoiceManager: Maximum retry attempts reached (1), resetting to idle
08-29 12:20:43.486 20921 20921 I VoiceManager: Message: I didn't hear anything. Please try saying the wake word again when you're ready.
08-29 12:20:45.991 20921 20921 D VoiceManager: Voice state transition: RESPONDING -> IDLE
08-29 12:20:45.992 20921 20921 D VoiceManager: Conversation completed, re-enabling wake word detection
08-29 12:20:45.996 20921 20921 I VoiceManager: ğŸ”„ WAKE_WORD_RESUME: Sent broadcast to resume wake word detection
08-29 12:20:45.996 20921 20921 D VoiceManager: ğŸ”„ WAKE_WORD_RESUME: Broadcast action: com.hightowerai.MobileJarvisNative.RESUME_WAKE_WORD
08-29 12:20:45.996 20921 20921 D VoiceManager: ğŸ”„ WAKE_WORD_RESUME: Package name: com.hightowerai.MobileJarvisNative
08-29 12:20:46.005 20921 20921 I WakeWordService: ğŸ”„ WAKE_WORD_RESUME: ========== RESUME BROADCAST RECEIVED ==========
08-29 12:20:46.006 20921 20921 I WakeWordService: ğŸ”„ WAKE_WORD_RESUME: Action: com.hightowerai.MobileJarvisNative.RESUME_WAKE_WORD
08-29 12:20:46.006 20921 20921 I WakeWordService: ğŸ”„ WAKE_WORD_RESUME: Package: com.hightowerai.MobileJarvisNative
08-29 12:20:46.006 20921 20921 I WakeWordService: ğŸ”„ WAKE_WORD_RESUME: Calling resumeWakeWordDetectionFromPaused()
08-29 12:20:46.007 20921 20921 I WakeWordService: â–¶ï¸ PAUSE_RESUME: ========== RESUMING WAKE WORD DETECTION ==========
08-29 12:20:46.007 20921 20921 I WakeWordService: â–¶ï¸ PAUSE_RESUME: Timestamp: 1756488046007
08-29 12:20:46.008 20921 20921 I WakeWordService: â–¶ï¸ PAUSE_RESUME: Previous state: Paused
08-29 12:20:46.008 20921 20921 I WakeWordService: â–¶ï¸ PAUSE_RESUME: Resetting openWakeWordEngine singleton state...
08-29 12:20:46.025 20921 20921 I WakeWordService: â–¶ï¸ PAUSE_RESUME: âœ… OpenWakeWordEngine singleton reset successfully
08-29 12:20:46.117 20921 20921 I WakeWordService: â–¶ï¸ PAUSE_RESUME: âœ… Fresh OpenWakeWordEngine instance initialized and ready
08-29 12:20:46.117 20921 20921 I WakeWordService: â–¶ï¸ PAUSE_RESUME: Active wake phrase: 'Juniper'
08-29 12:20:46.117 20921 20921 I WakeWordService: â–¶ï¸ PAUSE_RESUME: âœ… Detection state variables reset
08-29 12:20:46.117 20921 20921 I WakeWordService: â–¶ï¸ PAUSE_RESUME: Resume cooldown active for 2000ms to prevent false detections
08-29 12:20:46.117 20921 20921 I WakeWordService: â–¶ï¸ PAUSE_RESUME: Reinitializing AudioRecord and recording thread for wake word detection
08-29 12:20:46.117 20921 20921 D AudioManager: Setting up Bluetooth audio route monitoring...
08-29 12:20:46.117 20921 20921 I AudioManager: AudioManager initialized with Bluetooth monitoring
08-29 12:20:46.117 20921 20921 I WakeWordService: ğŸµ WAKE_WORD_SETUP: Requesting audio focus for wake word detection...
08-29 12:20:46.117 20921 20921 D AudioManager: Requesting audio focus: BACKGROUND_AUDIO (ID: wake_word_detection)
08-29 12:20:46.119 20921 20921 I AudioManager: Audio focus granted: BACKGROUND_AUDIO (ID: wake_word_detection)
08-29 12:20:46.119 20921 20921 I WakeWordService: ğŸµ WAKE_WORD_SETUP: Audio focus GAINED for wake word detection
08-29 12:20:46.119 20921 20921 I WakeWordService: ğŸµ WAKE_WORD_SETUP: âœ… Audio focus acquired for wake word detection
08-29 12:20:46.180 20921 20921 D WakeWordService: Audio recording started successfully
08-29 12:20:46.180 20921 20921 I WakeWordService: â–¶ï¸ PAUSE_RESUME: âœ… AudioRecord and recording thread reinitialized and started
08-29 12:20:46.180 20921 20921 I WakeWordService: â–¶ï¸ PAUSE_RESUME: Wake word threshold: 0.05
08-29 12:20:46.180 20921 23956 I WakeWordService: ğŸ™ï¸ AUDIO_LOOP: ========== STARTING AUDIO PROCESSING LOOP ==========
08-29 12:20:46.180 20921 23956 I WakeWordService: ğŸ™ï¸ AUDIO_LOOP: Buffer size: 1280 samples (80ms)
08-29 12:20:46.180 20921 23956 I WakeWordService: ğŸ™ï¸ AUDIO_LOOP: Sample rate: 16000Hz
08-29 12:20:46.180 20921 23956 I WakeWordService: ğŸ™ï¸ AUDIO_LOOP: Wake word threshold: 0.05
08-29 12:20:46.180 20921 23956 I WakeWordService: ğŸ™ï¸ AUDIO_LOOP: =====================================================
08-29 12:20:46.190 20921 20921 I WakeWordService: â–¶ï¸ PAUSE_RESUME: âœ… Wake word detection resumed successfully
08-29 12:20:46.190 20921 20921 I WakeWordService: â–¶ï¸ PAUSE_RESUME: ====================================================
08-29 12:20:46.190 20921 20921 I WakeWordService: ğŸ”„ WAKE_WORD_RESUME: ======================================
08-29 12:20:46.497 20921 20921 D VoiceManager: ğŸ”„ WAKE_WORD_RESUME: Broadcast sent, WakeWordService should have resumed by now
08-29 12:21:05.055 20921 21077 D DeepgramClient: ğŸµ DEEPGRAM_INIT: ========== Initializing Deepgram client ==========
08-29 12:21:05.056 20921 21077 D DeepgramClient: ğŸµ DEEPGRAM_INIT: OkHttp client configured
08-29 12:21:05.056 20921 21077 D DeepgramClient: ğŸµ DEEPGRAM_INIT: ConfigManager obtained
08-29 12:21:05.059 20921 21077 D DeepgramClient: ğŸµ DEEPGRAM_INIT: MediaPlayer created
08-29 12:21:05.059 20921 21077 D DeepgramClient: ğŸµ DEEPGRAM_INIT: AudioManager obtained
08-29 12:21:05.059 20921 21077 I DeepgramClient: ğŸµ DEEPGRAM_INIT: âœ… Deepgram client initialized successfully in 4ms
08-29 12:21:05.059 20921 21077 D DeepgramClient: ğŸµ DEEPGRAM_INIT: =============================================
08-29 12:21:05.059 20921 21077 D DeepgramClient: ğŸµ DEEPGRAM_VALIDATION: ========== Starting Configuration Validation ==========
08-29 12:21:05.059 20921 21077 D DeepgramClient: ğŸµ DEEPGRAM_VALIDATION: âœ… Client initialized
08-29 12:21:05.060 20921 21077 E DeepgramClient: ğŸµ DEEPGRAM_VALIDATION: âŒ Deepgram API key not found or empty
08-29 12:21:05.062 20921 21077 D DeepgramClient: ğŸµ DEEPGRAM_VALIDATION: âœ… Network connectivity available
08-29 12:21:05.062 20921 21077 D DeepgramClient: ğŸµ DEEPGRAM_VALIDATION: âœ… Audio system ready
08-29 12:21:05.062 20921 21077 D DeepgramClient: ğŸµ DEEPGRAM_VALIDATION: âœ… Voice configuration valid (aura-2-pandora-en -> aura-2-pandora-en)
08-29 12:21:05.062 20921 21077 I DeepgramClient: ğŸµ DEEPGRAM_VALIDATION: ========== Validation Complete ==========
08-29 12:21:05.062 20921 21077 I DeepgramClient: ğŸµ DEEPGRAM_VALIDATION: Overall valid: false
08-29 12:21:05.062 20921 21077 I DeepgramClient: ğŸµ DEEPGRAM_VALIDATION: API key present: false
08-29 12:21:05.062 20921 21077 I DeepgramClient: ğŸµ DEEPGRAM_VALIDATION: API key valid: false
08-29 12:21:05.062 20921 21077 I DeepgramClient: ğŸµ DEEPGRAM_VALIDATION: Network available: true
08-29 12:21:05.062 20921 21077 I DeepgramClient: ğŸµ DEEPGRAM_VALIDATION: Audio system ready: true
08-29 12:21:05.062 20921 21077 I DeepgramClient: ğŸµ DEEPGRAM_VALIDATION: Voice config valid: true
08-29 12:21:05.062 20921 21077 I DeepgramClient: ğŸµ DEEPGRAM_VALIDATION: Issues: 1
08-29 12:21:05.062 20921 21077 I DeepgramClient: ğŸµ DEEPGRAM_VALIDATION:   1. Deepgram API key not found or empty
08-29 12:21:05.062 20921 21077 I DeepgramClient: ğŸµ DEEPGRAM_VALIDATION: Validation time: 3ms
08-29 12:21:05.062 20921 21077 D DeepgramClient: ğŸµ DEEPGRAM_VALIDATION: ================================
08-29 12:21:05.160 20921 21077 I WakeWordModule: ğŸš€ START_DETECTION: ========== STARTING WAKE WORD DETECTION ==========
08-29 12:21:05.160 20921 21077 I WakeWordModule: ğŸš€ START_DETECTION: Service class: com.hightowerai.MobileJarvisNative.wakeword.WakeWordService
08-29 12:21:05.160 20921 21077 I WakeWordModule: ğŸš€ START_DETECTION: Timestamp: 1756488065160
08-29 12:21:05.160 20921 21077 I WakeWordModule: ğŸš€ START_DETECTION: Android version: 34
08-29 12:21:05.160 20921 21077 I WakeWordModule: ğŸš€ START_DETECTION: Checking permissions...
08-29 12:21:05.160 20921 21077 I WakeWordModule: ğŸš€ START_DETECTION: RECORD_AUDIO permission: true
08-29 12:21:05.160 20921 21077 I WakeWordModule: ğŸš€ START_DETECTION: FOREGROUND_SERVICE_MICROPHONE permission: true
08-29 12:21:05.160 20921 21077 D WakeWordModule: Set wake_word_enabled preference to true
08-29 12:21:05.160 20921 21077 I WakeWordModule: ğŸš€ START_DETECTION: âœ… All permissions granted
08-29 12:21:05.160 20921 21077 I WakeWordModule: ğŸš€ START_DETECTION: â„¹ï¸ Service already running, updating state only
08-29 12:21:05.804 20921 21077 D DeepgramClient: ğŸµ DEEPGRAM_INIT: ========== Initializing Deepgram client ==========
08-29 12:21:05.805 20921 21077 D DeepgramClient: ğŸµ DEEPGRAM_INIT: OkHttp client configured
08-29 12:21:05.805 20921 21077 D DeepgramClient: ğŸµ DEEPGRAM_INIT: ConfigManager obtained
08-29 12:21:05.807 20921 21077 D DeepgramClient: ğŸµ DEEPGRAM_INIT: MediaPlayer created
08-29 12:21:05.808 20921 21077 D DeepgramClient: ğŸµ DEEPGRAM_INIT: AudioManager obtained
08-29 12:21:05.808 20921 21077 I DeepgramClient: ğŸµ DEEPGRAM_INIT: âœ… Deepgram client initialized successfully in 4ms
08-29 12:21:05.808 20921 21077 D DeepgramClient: ğŸµ DEEPGRAM_INIT: =============================================
08-29 12:21:05.808 20921 21077 D DeepgramClient: ğŸµ DEEPGRAM_VALIDATION: ========== Starting Configuration Validation ==========
08-29 12:21:05.808 20921 21077 D DeepgramClient: ğŸµ DEEPGRAM_VALIDATION: âœ… Client initialized
08-29 12:21:05.808 20921 21077 E DeepgramClient: ğŸµ DEEPGRAM_VALIDATION: âŒ Deepgram API key not found or empty
08-29 12:21:05.809 20921 21077 D DeepgramClient: ğŸµ DEEPGRAM_VALIDATION: âœ… Network connectivity available
08-29 12:21:05.809 20921 21077 D DeepgramClient: ğŸµ DEEPGRAM_VALIDATION: âœ… Audio system ready
08-29 12:21:05.809 20921 21077 D DeepgramClient: ğŸµ DEEPGRAM_VALIDATION: âœ… Voice configuration valid (aura-2-pandora-en -> aura-2-pandora-en)
08-29 12:21:05.809 20921 21077 I DeepgramClient: ğŸµ DEEPGRAM_VALIDATION: ========== Validation Complete ==========
08-29 12:21:05.809 20921 21077 I DeepgramClient: ğŸµ DEEPGRAM_VALIDATION: Overall valid: false
08-29 12:21:05.810 20921 21077 I DeepgramClient: ğŸµ DEEPGRAM_VALIDATION: API key present: false
08-29 12:21:05.810 20921 21077 I DeepgramClient: ğŸµ DEEPGRAM_VALIDATION: API key valid: false
08-29 12:21:05.810 20921 21077 I DeepgramClient: ğŸµ DEEPGRAM_VALIDATION: Network available: true
08-29 12:21:05.810 20921 21077 I DeepgramClient: ğŸµ DEEPGRAM_VALIDATION: Audio system ready: true
08-29 12:21:05.810 20921 21077 I DeepgramClient: ğŸµ DEEPGRAM_VALIDATION: Voice config valid: true
08-29 12:21:05.810 20921 21077 I DeepgramClient: ğŸµ DEEPGRAM_VALIDATION: Issues: 1
08-29 12:21:05.810 20921 21077 I DeepgramClient: ğŸµ DEEPGRAM_VALIDATION:   1. Deepgram API key not found or empty
08-29 12:21:05.810 20921 21077 I DeepgramClient: ğŸµ DEEPGRAM_VALIDATION: Validation time: 1ms
08-29 12:21:05.810 20921 21077 D DeepgramClient: ğŸµ DEEPGRAM_VALIDATION: ================================
08-29 12:21:05.836 20921 21077 I WakeWordModule: ğŸš€ START_DETECTION: ========== STARTING WAKE WORD DETECTION ==========
08-29 12:21:05.836 20921 21077 I WakeWordModule: ğŸš€ START_DETECTION: Service class: com.hightowerai.MobileJarvisNative.wakeword.WakeWordService
08-29 12:21:05.836 20921 21077 I WakeWordModule: ğŸš€ START_DETECTION: Timestamp: 1756488065836
08-29 12:21:05.836 20921 21077 I WakeWordModule: ğŸš€ START_DETECTION: Android version: 34
08-29 12:21:05.836 20921 21077 I WakeWordModule: ğŸš€ START_DETECTION: Checking permissions...
08-29 12:21:05.836 20921 21077 I WakeWordModule: ğŸš€ START_DETECTION: RECORD_AUDIO permission: true
08-29 12:21:05.836 20921 21077 I WakeWordModule: ğŸš€ START_DETECTION: FOREGROUND_SERVICE_MICROPHONE permission: true
08-29 12:21:05.836 20921 21077 D WakeWordModule: Set wake_word_enabled preference to true
08-29 12:21:05.836 20921 21077 I WakeWordModule: ğŸš€ START_DETECTION: âœ… All permissions granted
08-29 12:21:05.836 20921 21077 I WakeWordModule: ğŸš€ START_DETECTION: â„¹ï¸ Service already running, updating state only
08-29 12:21:06.168 20921 21077 D WakeWordModule: Current wake word state: enabled=true, serviceRunning=true
08-29 12:21:06.855 20921 21077 I WakeWordModule: ğŸš€ START_DETECTION: ========== STARTING WAKE WORD DETECTION ==========
08-29 12:21:06.855 20921 21077 I WakeWordModule: ğŸš€ START_DETECTION: Service class: com.hightowerai.MobileJarvisNative.wakeword.WakeWordService
08-29 12:21:06.855 20921 21077 I WakeWordModule: ğŸš€ START_DETECTION: Timestamp: 1756488066855
08-29 12:21:06.855 20921 21077 I WakeWordModule: ğŸš€ START_DETECTION: Android version: 34
08-29 12:21:06.855 20921 21077 I WakeWordModule: ğŸš€ START_DETECTION: Checking permissions...
08-29 12:21:06.855 20921 21077 I WakeWordModule: ğŸš€ START_DETECTION: RECORD_AUDIO permission: true
08-29 12:21:06.855 20921 21077 I WakeWordModule: ğŸš€ START_DETECTION: FOREGROUND_SERVICE_MICROPHONE permission: true
08-29 12:21:06.855 20921 21077 D WakeWordModule: Set wake_word_enabled preference to true
08-29 12:21:06.855 20921 21077 I WakeWordModule: ğŸš€ START_DETECTION: âœ… All permissions granted
08-29 12:21:06.855 20921 21077 I WakeWordModule: ğŸš€ START_DETECTION: â„¹ï¸ Service already running, updating state only
08-29 12:21:07.866 20921 21077 I WakeWordModule: ğŸ¯ WAKEWORD_SELECTION: ========== SET SELECTED WAKE WORD ==========
08-29 12:21:07.866 20921 21077 I WakeWordModule: ğŸ¯ WAKEWORD_SELECTION: setSelectedWakeWord called from React Native
08-29 12:21:07.866 20921 21077 I WakeWordModule: ğŸ¯ WAKEWORD_SELECTION: Timestamp: 1756488067866
08-29 12:21:07.866 20921 21077 I WakeWordModule: ğŸ¯ WAKEWORD_SELECTION: Thread: mqt_native_modules
08-29 12:21:07.866 20921 21077 I WakeWordModule: ğŸ¯ WAKEWORD_SELECTION: Parameter received: 'Juniper' (type: String)
08-29 12:21:07.866 20921 21077 I WakeWordModule: ğŸ¯ WAKEWORD_SELECTION: ========== VALIDATING WAKE WORD ==========
08-29 12:21:07.866 20921 21077 I WakeWordModule: ğŸ¯ WAKEWORD_SELECTION: Available wake words: [Hey Jarvis, Hey Juni, Hey Juniper, Juniper, Jarvis, Hey Jasmine, Hey Jade, Hey Jay, Hey Jasper, Hey Jerry, Jasmine, Hey, Alex, Aloe, Hey Mycroft, Hey Michael, Hey Mulberry, Hey Myrillis, Hey Marigold]
08-29 12:21:07.866 20921 21077 I WakeWordModule: ğŸ¯ WAKEWORD_SELECTION: Checking if 'Juniper' is valid...
08-29 12:21:07.866 20921 21077 I WakeWordModule: ğŸ¯ WAKEWORD_SELECTION: âœ… Wake word 'Juniper' is valid
08-29 12:21:07.866 20921 21077 I WakeWordModule: ğŸ¯ WAKEWORD_SELECTION: ========== SAVING TO SHARED PREFERENCES ==========
08-29 12:21:07.866 20921 21077 I WakeWordModule: ğŸ¯ WAKEWORD_SELECTION: Previous wake word: 'Juniper'
08-29 12:21:07.866 20921 21077 I WakeWordModule: ğŸ¯ WAKEWORD_SELECTION: New wake word: 'Juniper'
08-29 12:21:07.866 20921 21077 I WakeWordModule: ğŸ¯ WAKEWORD_SELECTION: â„¹ï¸ Wake word unchanged, but saving anyway
08-29 12:21:07.866 20921 21077 I WakeWordModule: ğŸ¯ WAKEWORD_SELECTION: SharedPreferences save took 0ms
08-29 12:21:07.866 20921 21077 I WakeWordModule: ğŸ¯ WAKEWORD_SELECTION: Save result: true
08-29 12:21:07.866 20921 21077 I WakeWordModule: ğŸ¯ WAKEWORD_SELECTION: ========== VERIFICATION ==========
08-29 12:21:07.866 20921 21077 I WakeWordModule: ğŸ¯ WAKEWORD_SELECTION: Verified saved wake word: 'Juniper'
08-29 12:21:07.866 20921 21077 I WakeWordModule: ğŸ¯ WAKEWORD_SELECTION: ========== SUCCESS ==========
08-29 12:21:07.866 20921 21077 I WakeWordModule: ğŸ¯ WAKEWORD_SELECTION: âœ… Wake word changed from 'Juniper' to 'Juniper'
08-29 12:21:07.866 20921 21077 I WakeWordModule: ğŸ¯ WAKEWORD_SELECTION: âœ… Wake word preference saved and verified successfully
08-29 12:21:07.866 20921 21077 I WakeWordModule: ğŸ¯ WAKEWORD_SELECTION: âš ï¸ Note: Service restart required for change to take effect
08-29 12:21:07.866 20921 21077 I WakeWordModule: ğŸ¯ WAKEWORD_SELECTION: =============================================
08-29 12:21:07.868 20921 21077 I WakeWordModule: ğŸšï¸ WAKEWORD_SENSITIVITY: ========== SET WAKE WORD SENSITIVITY ==========
08-29 12:21:07.868 20921 21077 I WakeWordModule: ğŸšï¸ WAKEWORD_SENSITIVITY: setWakeWordSensitivity called from React Native
08-29 12:21:07.868 20921 21077 I WakeWordModule: ğŸšï¸ WAKEWORD_SENSITIVITY: Timestamp: 1756488067868
08-29 12:21:07.868 20921 21077 I WakeWordModule: ğŸšï¸ WAKEWORD_SENSITIVITY: Thread: mqt_native_modules
08-29 12:21:07.868 20921 21077 I WakeWordModule: ğŸšï¸ WAKEWORD_SENSITIVITY: Parameter received: 0.05 (type: float)
08-29 12:21:07.868 20921 21077 I WakeWordModule: ğŸšï¸ WAKEWORD_SENSITIVITY: Sensitivity percentage: 5%
08-29 12:21:07.868 20921 21077 I WakeWordModule: ğŸšï¸ WAKEWORD_SENSITIVITY: ========== VALIDATING SENSITIVITY ==========
08-29 12:21:07.868 20921 21077 I WakeWordModule: ğŸšï¸ WAKEWORD_SENSITIVITY: Valid range: 0.0 - 1.0
08-29 12:21:07.868 20921 21077 I WakeWordModule: ğŸšï¸ WAKEWORD_SENSITIVITY: Received value: 0.05
08-29 12:21:07.868 20921 21077 I WakeWordModule: ğŸšï¸ WAKEWORD_SENSITIVITY: âœ… Sensitivity value 0.05 is valid
08-29 12:21:07.868 20921 21077 I WakeWordModule: ğŸšï¸ WAKEWORD_SENSITIVITY: ========== SAVING TO SHARED PREFERENCES ==========
08-29 12:21:07.868 20921 21077 I WakeWordModule: ğŸšï¸ WAKEWORD_SENSITIVITY: Previous sensitivity: 0.05 (5%)
08-29 12:21:07.868 20921 21077 I WakeWordModule: ğŸšï¸ WAKEWORD_SENSITIVITY: New sensitivity: 0.05 (5%)
08-29 12:21:07.868 20921 21077 I WakeWordModule: ğŸšï¸ WAKEWORD_SENSITIVITY: â„¹ï¸ Sensitivity unchanged, but saving anyway
08-29 12:21:07.868 20921 21077 I WakeWordModule: ğŸšï¸ WAKEWORD_SENSITIVITY: SharedPreferences save took 0ms
08-29 12:21:07.868 20921 21077 I WakeWordModule: ğŸšï¸ WAKEWORD_SENSITIVITY: Save result: true
08-29 12:21:07.868 20921 21077 I WakeWordModule: ğŸšï¸ WAKEWORD_SENSITIVITY: ========== VERIFICATION ==========
08-29 12:21:07.868 20921 21077 I WakeWordModule: ğŸšï¸ WAKEWORD_SENSITIVITY: Verified saved sensitivity: 0.05 (5%)
08-29 12:21:07.868 20921 21077 I WakeWordModule: ğŸšï¸ WAKEWORD_SENSITIVITY: ========== SUCCESS ==========
08-29 12:21:07.868 20921 21077 I WakeWordModule: ğŸšï¸ WAKEWORD_SENSITIVITY: âœ… Sensitivity changed from 0.05 (5%) to 0.05 (5%)
08-29 12:21:07.868 20921 21077 I WakeWordModule: ğŸšï¸ WAKEWORD_SENSITIVITY: âœ… Sensitivity preference saved and verified successfully
08-29 12:21:07.868 20921 21077 I WakeWordModule: ğŸšï¸ WAKEWORD_SENSITIVITY: âš ï¸ Note: Service restart required for change to take effect
08-29 12:21:07.868 20921 21077 I WakeWordModule: ğŸšï¸ WAKEWORD_SENSITIVITY: ================================================
08-29 12:21:16.235 20921 23956 D WakeWordService: ğŸ™ï¸ AUDIO_LOOP: Processed 298 chunks in 30s (isPaused: false)
08-29 12:21:36.913 20921 21077 D DeepgramClient: Deepgram client resources released
08-29 12:21:36.916 20921 21077 D DeepgramClient: ğŸµ DEEPGRAM_INIT: ========== Initializing Deepgram client ==========
08-29 12:21:36.917 20921 21077 D DeepgramClient: ğŸµ DEEPGRAM_INIT: OkHttp client configured
08-29 12:21:36.917 20921 21077 D DeepgramClient: ğŸµ DEEPGRAM_INIT: ConfigManager obtained
08-29 12:21:36.920 20921 21077 D DeepgramClient: ğŸµ DEEPGRAM_INIT: MediaPlayer created
08-29 12:21:36.921 20921 21077 D DeepgramClient: ğŸµ DEEPGRAM_INIT: AudioManager obtained
08-29 12:21:36.921 20921 21077 I DeepgramClient: ğŸµ DEEPGRAM_INIT: âœ… Deepgram client initialized successfully in 5ms
08-29 12:21:36.921 20921 21077 D DeepgramClient: ğŸµ DEEPGRAM_INIT: =============================================
08-29 12:21:36.921 20921 21077 D DeepgramClient: ğŸµ DEEPGRAM_VALIDATION: ========== Starting Configuration Validation ==========
08-29 12:21:36.921 20921 21077 D DeepgramClient: ğŸµ DEEPGRAM_VALIDATION: âœ… Client initialized
08-29 12:21:36.921 20921 21077 E DeepgramClient: ğŸµ DEEPGRAM_VALIDATION: âŒ Deepgram API key not found or empty
08-29 12:21:36.926 20921 21077 D DeepgramClient: ğŸµ DEEPGRAM_VALIDATION: âœ… Network connectivity available
08-29 12:21:36.927 20921 21077 D DeepgramClient: ğŸµ DEEPGRAM_VALIDATION: âœ… Audio system ready
08-29 12:21:36.927 20921 21077 D DeepgramClient: ğŸµ DEEPGRAM_VALIDATION: âœ… Voice configuration valid (aura-2-pandora-en -> aura-2-pandora-en)
08-29 12:21:36.927 20921 21077 I DeepgramClient: ğŸµ DEEPGRAM_VALIDATION: ========== Validation Complete ==========
08-29 12:21:36.927 20921 21077 I DeepgramClient: ğŸµ DEEPGRAM_VALIDATION: Overall valid: false
08-29 12:21:36.927 20921 21077 I DeepgramClient: ğŸµ DEEPGRAM_VALIDATION: API key present: false
08-29 12:21:36.927 20921 21077 I DeepgramClient: ğŸµ DEEPGRAM_VALIDATION: API key valid: false
08-29 12:21:36.927 20921 21077 I DeepgramClient: ğŸµ DEEPGRAM_VALIDATION: Network available: true
08-29 12:21:36.927 20921 21077 I DeepgramClient: ğŸµ DEEPGRAM_VALIDATION: Audio system ready: true
08-29 12:21:36.927 20921 21077 I DeepgramClient: ğŸµ DEEPGRAM_VALIDATION: Voice config valid: true
08-29 12:21:36.927 20921 21077 I DeepgramClient: ğŸµ DEEPGRAM_VALIDATION: Issues: 1
08-29 12:21:36.927 20921 21077 I DeepgramClient: ğŸµ DEEPGRAM_VALIDATION:   1. Deepgram API key not found or empty
08-29 12:21:36.927 20921 21077 I DeepgramClient: ğŸµ DEEPGRAM_VALIDATION: Validation time: 6ms
08-29 12:21:36.927 20921 21077 D DeepgramClient: ğŸµ DEEPGRAM_VALIDATION: ================================
08-29 12:21:40.179 20921 21077 D DeepgramClient: ğŸµ DEEPGRAM_INIT: ========== Initializing Deepgram client ==========
08-29 12:21:40.180 20921 21077 D DeepgramClient: ğŸµ DEEPGRAM_INIT: OkHttp client configured
08-29 12:21:40.180 20921 21077 D DeepgramClient: ğŸµ DEEPGRAM_INIT: ConfigManager obtained
08-29 12:21:40.184 20921 21077 D DeepgramClient: ğŸµ DEEPGRAM_INIT: MediaPlayer created
08-29 12:21:40.184 20921 21077 D DeepgramClient: ğŸµ DEEPGRAM_INIT: AudioManager obtained
08-29 12:21:40.184 20921 21077 I DeepgramClient: ğŸµ DEEPGRAM_INIT: âœ… Deepgram client initialized successfully in 5ms
08-29 12:21:40.184 20921 21077 D DeepgramClient: ğŸµ DEEPGRAM_INIT: =============================================
08-29 12:21:40.184 20921 21077 D DeepgramClient: ğŸµ DEEPGRAM_VALIDATION: ========== Starting Configuration Validation ==========
08-29 12:21:40.184 20921 21077 D DeepgramClient: ğŸµ DEEPGRAM_VALIDATION: âœ… Client initialized
08-29 12:21:40.184 20921 21077 E DeepgramClient: ğŸµ DEEPGRAM_VALIDATION: âŒ Deepgram API key not found or empty
08-29 12:21:40.187 20921 21077 D DeepgramClient: ğŸµ DEEPGRAM_VALIDATION: âœ… Network connectivity available
08-29 12:21:40.187 20921 21077 D DeepgramClient: ğŸµ DEEPGRAM_VALIDATION: âœ… Audio system ready
08-29 12:21:40.187 20921 21077 D DeepgramClient: ğŸµ DEEPGRAM_VALIDATION: âœ… Voice configuration valid (aura-2-pandora-en -> aura-2-pandora-en)
08-29 12:21:40.187 20921 21077 I DeepgramClient: ğŸµ DEEPGRAM_VALIDATION: ========== Validation Complete ==========
