08-29 12:21:40.187 20921 21077 I DeepgramClient: ğŸµ DEEPGRAM_VALIDATION: Overall valid: false
08-29 12:21:40.187 20921 21077 I DeepgramClient: ğŸµ DEEPGRAM_VALIDATION: API key present: false
08-29 12:21:40.187 20921 21077 I DeepgramClient: ğŸµ DEEPGRAM_VALIDATION: API key valid: false
08-29 12:21:40.187 20921 21077 I DeepgramClient: ğŸµ DEEPGRAM_VALIDATION: Network available: true
08-29 12:21:40.187 20921 21077 I DeepgramClient: ğŸµ DEEPGRAM_VALIDATION: Audio system ready: true
08-29 12:21:40.187 20921 21077 I DeepgramClient: ğŸµ DEEPGRAM_VALIDATION: Voice config valid: true
08-29 12:21:40.187 20921 21077 I DeepgramClient: ğŸµ DEEPGRAM_VALIDATION: Issues: 1
08-29 12:21:40.188 20921 21077 I DeepgramClient: ğŸµ DEEPGRAM_VALIDATION:   1. Deepgram API key not found or empty
08-29 12:21:40.188 20921 21077 I DeepgramClient: ğŸµ DEEPGRAM_VALIDATION: Validation time: 3ms
08-29 12:21:40.188 20921 21077 D DeepgramClient: ğŸµ DEEPGRAM_VALIDATION: ================================
08-29 12:21:46.237 20921 23956 D WakeWordService: ğŸ™ï¸ AUDIO_LOOP: Processed 305 chunks in 30s (isPaused: false)
08-29 12:21:46.335 20921 23956 I WakeWordService: ğŸ¯ WAKEWORD_TRIGGER: âš¡ WAKE WORD DETECTED! Confidence: 0.5260 (threshold: 0.05)
08-29 12:21:46.335 20921 23956 I WakeWordService: ğŸ”¥ WAKEWORD_USE: ================================================
08-29 12:21:46.335 20921 23956 I WakeWordService: ğŸ”¥ WAKEWORD_USE: *** WAKE WORD 'Juniper' ACTIVATED ***
08-29 12:21:46.335 20921 23956 I WakeWordService: ğŸ”¥ WAKEWORD_USE: Time: 12:21:46.335
08-29 12:21:46.335 20921 23956 I WakeWordService: ğŸ”¥ WAKEWORD_USE: Confidence: 0.5259602
08-29 12:21:46.335 20921 23956 I WakeWordService: ğŸ”¥ WAKEWORD_USE: Threshold: 0.05
08-29 12:21:46.335 20921 23956 I WakeWordService: ğŸ”¥ WAKEWORD_USE: Timestamp: 1756488106335
08-29 12:21:46.335 20921 23956 I WakeWordService: ğŸ”¥ WAKEWORD_USE: ================================================
08-29 12:21:46.336 20921 23956 I WakeWordService: ğŸ“± BACKGROUND_CHECK: ========== CHECKING APP STATE ==========
08-29 12:21:46.336 20921 23956 I WakeWordService: ğŸ“± BACKGROUND_CHECK: App currently in foreground: true
08-29 12:21:46.336 20921 23956 I WakeWordService: ğŸ“± BACKGROUND_CHECK: App already in foreground - proceeding normally
08-29 12:21:46.336 20921 23956 I WakeWordService: ğŸ“¡ BROADCAST_SEND: ========== SENDING WAKE WORD BROADCAST ==========
08-29 12:21:46.337 20921 23956 I WakeWordService: ğŸ“¡ BROADCAST_SEND: Send timestamp: 1756488106336
08-29 12:21:46.337 20921 23956 I WakeWordService: ğŸ“¡ BROADCAST_SEND: Action: com.hightowerai.MobileJarvisNative.WAKE_WORD_DETECTED_RN
08-29 12:21:46.337 20921 23956 I WakeWordService: ğŸ“¡ BROADCAST_SEND: Wake word: 'Juniper'
08-29 12:21:46.337 20921 23956 I WakeWordService: ğŸ“¡ BROADCAST_SEND: Confidence: 0.5259602
08-29 12:21:46.338 20921 23956 I WakeWordService: ğŸ“¡ BROADCAST_SEND: âœ… Broadcast sent successfully
08-29 12:21:46.338 20921 23956 I WakeWordService: ğŸ”¥ WAKEWORD_USE: âœ… Sent wake word detected broadcast to React Native
08-29 12:21:46.339 20921 23956 I WakeWordService: ğŸ“¡ BROADCAST_SEND: ====================================================
08-29 12:21:46.339 20921 23956 I VoiceManager: ğŸ“± VOICE_MANAGER: ========== WAKE WORD PROCESSING ==========
08-29 12:21:46.339 20921 23956 I VoiceManager: ğŸ“± VOICE_MANAGER: App in foreground: true
08-29 12:21:46.339 20921 23956 I VoiceManager: ğŸ“± VOICE_MANAGER: Current voice state: com.hightowerai.MobileJarvisNative.voice.VoiceManager$VoiceState$IDLE@eda9de3
08-29 12:21:46.339 20921 23956 I VoiceManager: ğŸ“± VOICE_MANAGER: Timestamp: 1756488106339
08-29 12:21:46.339 20921 23956 I VoiceManager: Wake word detected, stopping wake word detection but keeping listening on...
08-29 12:21:46.339 20921 23956 D VoiceManager: Voice state transition: IDLE -> WAKE_WORD_DETECTED
08-29 12:21:46.339 20921 20921 I WakeWordModule: ğŸ“» RECEIVER_TRIGGER: ========== BROADCAST RECEIVED ==========
08-29 12:21:46.339 20921 20921 I WakeWordModule: ğŸ“» RECEIVER_TRIGGER: Receive timestamp: 1756488106339
08-29 12:21:46.339 20921 20921 I WakeWordModule: ğŸ“» RECEIVER_TRIGGER: Intent action: com.hightowerai.MobileJarvisNative.WAKE_WORD_DETECTED_RN
08-29 12:21:46.339 20921 20921 I WakeWordModule: ğŸ“» RECEIVER_TRIGGER: Expected action: com.hightowerai.MobileJarvisNative.WAKE_WORD_DETECTED_RN
08-29 12:21:46.339 20921 20921 I WakeWordModule: ğŸ“» RECEIVER_TRIGGER: Action matches: true
08-29 12:21:46.340 20921 23956 D VoiceManager: Active conversation state (WAKE_WORD_DETECTED), pausing wake word detection
08-29 12:21:46.342 20921 20921 I WakeWordModule: ğŸ“¡ RN_BRIDGE: ========== WAKE WORD BROADCAST RECEIVED ==========
08-29 12:21:46.342 20921 20921 I WakeWordModule: ğŸ“¡ RN_BRIDGE: ğŸ‘‚ WAKE WORD DETECTED EVENT FROM NATIVE SERVICE
08-29 12:21:46.342 20921 23956 D TextToSpeechManager: ğŸµ TTS QUEUE: Stopping TTS and clearing queue
08-29 12:21:46.342 20921 20921 I WakeWordModule: ğŸ“¡ RN_BRIDGE: ğŸ•’ Time: 12:21:46.335
08-29 12:21:46.342 20921 20921 I WakeWordModule: ğŸ“¡ RN_BRIDGE: ğŸ¯ Wake word: 'Juniper'
08-29 12:21:46.342 20921 20921 I WakeWordModule: ğŸ“¡ RN_BRIDGE: ğŸ“Š Confidence: 0.5260
08-29 12:21:46.342 20921 20921 I WakeWordModule: ğŸ“¡ RN_BRIDGE: ğŸš€ Forwarding to JavaScript...
08-29 12:21:46.343 20921 20921 D WakeWordModule: ğŸ“¡ SEND_EVENT: About to emit event 'wakeWordDetected' to React Native
08-29 12:21:46.344 20921 20921 D WakeWordModule: ğŸ“¡ SEND_EVENT: Params: {"wakeWord":"Juniper","confidence":0.5259602069854736,"timestamp":1756488106335}
08-29 12:21:46.344 20921 20921 D WakeWordModule: ğŸ“¡ SEND_EVENT: ReactApplicationContext available: true
08-29 12:21:46.344 20921 20921 D WakeWordModule: ğŸ“¡ SEND_EVENT: âœ… Event 'wakeWordDetected' emitted successfully to React Native
08-29 12:21:46.344 20921 20921 I WakeWordModule: ğŸ“¡ RN_BRIDGE: âœ… Wake word event sent to React Native successfully
08-29 12:21:46.344 20921 20921 I WakeWordModule: ğŸ“¡ RN_BRIDGE: =======================================================
08-29 12:21:46.345 20921 23956 D VoiceManager: Sent broadcast to pause wake word detection but keep mic active
08-29 12:21:46.345 20921 23956 I VoiceManager: Initializing OpenAI Whisper client
08-29 12:21:46.346 20921 23956 D VoiceManager: Whisper client initialized successfully
08-29 12:21:46.347 20921 23956 I WakeWordService: ğŸ”¥ WAKEWORD_USE: âœ… Notified VoiceManager of wake word detection
08-29 12:21:46.347 20921 20921 D DeepgramClient: ğŸµ DEEPGRAM_INIT: ========== Initializing Deepgram client ==========
08-29 12:21:46.347 20921 23956 I WakeWordService: ğŸ”¥ WAKEWORD_USE: Pausing wake word detection to prevent interruption during voice session
08-29 12:21:46.347 20921 23956 I WakeWordService: â¸ï¸ PAUSE_RESUME: ========== PAUSING WAKE WORD DETECTION ==========
08-29 12:21:46.347 20921 23956 I WakeWordService: â¸ï¸ PAUSE_RESUME: Timestamp: 1756488106347
08-29 12:21:46.347 20921 23956 I WakeWordService: â¸ï¸ PAUSE_RESUME: Reason: Voice session active - releasing mic for speech recognition
08-29 12:21:46.347 20921 23956 I WakeWordService: â¸ï¸ PAUSE_RESUME: Stopping recording thread...
08-29 12:21:46.347 20921 23956 I WakeWordService: â¸ï¸ PAUSE_RESUME: Stopping and releasing AudioRecord for mic handoff
08-29 12:21:46.348 20921 20921 D DeepgramClient: ğŸµ DEEPGRAM_INIT: OkHttp client configured
08-29 12:21:46.349 20921 20921 D DeepgramClient: ğŸµ DEEPGRAM_INIT: ConfigManager obtained
08-29 12:21:46.356 20921 20921 D DeepgramClient: ğŸµ DEEPGRAM_INIT: MediaPlayer created
08-29 12:21:46.356 20921 20921 D DeepgramClient: ğŸµ DEEPGRAM_INIT: AudioManager obtained
08-29 12:21:46.357 20921 20921 I DeepgramClient: ğŸµ DEEPGRAM_INIT: âœ… Deepgram client initialized successfully in 10ms
08-29 12:21:46.357 20921 20921 D DeepgramClient: ğŸµ DEEPGRAM_INIT: =============================================
08-29 12:21:46.358 20921 20921 D VoiceManager: Deepgram client initialized for future use
08-29 12:21:46.360 20921 20921 D VoiceManager: Starting speech recognition on main thread after wake word
08-29 12:21:46.360 20921 20921 D VoiceManager: startListening() called. Attempting to start speech recognition...
08-29 12:21:46.361 20921 20921 D VoiceManager: Sent broadcast to pause wake word detection during listening
08-29 12:21:46.361 20921 20921 I VoiceManager: ğŸµ SPEECH_RECOGNITION: Requesting HIGH PRIORITY audio focus for speech recognition
08-29 12:21:46.361 20921 20921 D AudioManager: Requesting audio focus: SPEECH_RECOGNITION (ID: speech_recognition_1756488106361)
08-29 12:21:46.361 20921 20921 I AudioManager: Higher priority request (SPEECH_RECOGNITION) interrupting current (BACKGROUND_AUDIO)
08-29 12:21:46.361 20921 20921 I AudioManager: Interrupting current request BACKGROUND_AUDIO (ID: wake_word_detection) for higher priority
08-29 12:21:46.362 20921 20921 W WakeWordService: ğŸµ WAKE_WORD_SETUP: Audio focus LOST for wake word detection
08-29 12:21:46.362 20921 20921 I AudioManager: Abandoning audio focus: BACKGROUND_AUDIO (ID: wake_word_detection)
08-29 12:21:46.366 20921 20921 I AudioManager: Audio focus granted: SPEECH_RECOGNITION (ID: speech_recognition_1756488106361)
08-29 12:21:46.366 20921 20921 I VoiceManager: ğŸµ SPEECH_RECOGNITION: HIGH PRIORITY audio focus gained for speech recognition
08-29 12:21:46.366 20921 20921 I VoiceManager: ğŸµ SPEECH_RECOGNITION: HIGH PRIORITY audio focus granted - starting SpeechRecognizer on main thread
08-29 12:21:46.366 20921 20921 D VoiceManager: Voice state transition: WAKE_WORD_DETECTED -> LISTENING
08-29 12:21:46.368 20921 20921 D VoiceManager: Active conversation state (LISTENING), pausing wake word detection
08-29 12:21:46.368 20921 20921 D TextToSpeechManager: ğŸµ TTS QUEUE: Stopping TTS and clearing queue
08-29 12:21:46.369 20921 20921 D VoiceManager: LISTENING state detected but isListening=false, reactivating speech recognizer
08-29 12:21:46.370 20921 20921 D VoiceManager: Speech recognition parameters: minLength=4000, completeSilence=3500, possibleSilence=2500
08-29 12:21:46.370 20921 20921 I VoiceManager: Using Android default timing parameters for SpeechRecognizer
08-29 12:21:46.371 20921 20921 I VoiceManager: SpeechRecognizer started listening.
08-29 12:21:46.378 20921 20921 I WakeWordService: ğŸ”¥ WAKEWORD_USE: âœ… Displayed detection toast to user
08-29 12:21:46.401 20921 20921 D AudioManager: dispatching onAudioFocusChange(-2) to android.media.AudioManager@a176834com.hightowerai.MobileJarvisNative.utils.AudioManager$$ExternalSyntheticLambda13@183c866
08-29 12:21:46.402 20921 20921 I AudioManager: Transient focus loss for SPEECH_RECOGNITION
08-29 12:21:46.402 20921 20921 W VoiceManager: ğŸµ SPEECH_RECOGNITION: Audio focus lost for speech recognition
08-29 12:21:46.402 20921 20921 D VoiceManager: ğŸµ SPEECH_RECOGNITION: Transient audio focus loss - will wait for recovery
08-29 12:21:46.411 20921 23956 I WakeWordService: â¸ï¸ PAUSE_RESUME: âœ… AudioRecord released - mic available for speech recognition
08-29 12:21:46.411 20921 23956 E WakeWordService: â¸ï¸ PAUSE_RESUME: Error stopping recording thread/AudioRecord: null
08-29 12:21:46.411 20921 23956 E WakeWordService: java.lang.InterruptedException
08-29 12:21:46.411 20921 23956 E WakeWordService:        at java.lang.Object.wait(Native Method)
08-29 12:21:46.411 20921 23956 E WakeWordService:        at java.lang.Object.wait(Object.java:405)
08-29 12:21:46.411 20921 23956 E WakeWordService:        at java.lang.Thread.join(Thread.java:1643)
08-29 12:21:46.411 20921 23956 E WakeWordService:        at com.hightowerai.MobileJarvisNative.wakeword.WakeWordService.pauseWakeWordButKeepMicActive(WakeWordService.kt:885)
08-29 12:21:46.411 20921 23956 E WakeWordService:        at com.hightowerai.MobileJarvisNative.wakeword.WakeWordService.sendWakeWordEvent(WakeWordService.kt:793)
08-29 12:21:46.411 20921 23956 E WakeWordService:        at com.hightowerai.MobileJarvisNative.wakeword.WakeWordService.onWakeWordDetected(WakeWordService.kt:732)
08-29 12:21:46.411 20921 23956 E WakeWordService:        at com.hightowerai.MobileJarvisNative.wakeword.WakeWordService.processAudioLoop(WakeWordService.kt:624)
08-29 12:21:46.411 20921 23956 E WakeWordService:        at com.hightowerai.MobileJarvisNative.wakeword.WakeWordService.setupAudioRecording$lambda$2(WakeWordService.kt:511)
08-29 12:21:46.411 20921 23956 E WakeWordService:        at com.hightowerai.MobileJarvisNative.wakeword.WakeWordService.$r8$lambda$6ZHPvXDNU07w3NDWY4IQ-Q0EWEs(Unknown Source:0)
08-29 12:21:46.411 20921 23956 E WakeWordService:        at com.hightowerai.MobileJarvisNative.wakeword.WakeWordService$$ExternalSyntheticLambda7.run(Unknown Source:2)
08-29 12:21:46.411 20921 23956 E WakeWordService:        at java.lang.Thread.run(Thread.java:1119)
08-29 12:21:46.411 20921 23956 D WakeWordService: â¸ï¸ PAUSE_RESUME: No wake word audio focus to release (current: speech_recognition_1756488106361)
08-29 12:21:46.415 20921 23956 I WakeWordService: â¸ï¸ PAUSE_RESUME: âœ… Wake word detection paused (mic released for speech recognition)
08-29 12:21:46.415 20921 23956 I WakeWordService: â¸ï¸ PAUSE_RESUME: Setting 2-minute auto-resume timer...
08-29 12:21:46.415 20921 23956 I WakeWordService: â¸ï¸ PAUSE_RESUME: Auto-resume timer job created: StandaloneCoroutine{Active}@bb9f8d8
08-29 12:21:46.415 20921 23956 I WakeWordService: â¸ï¸ PAUSE_RESUME: ====================================================
08-29 12:21:46.415 20921 23956 I WakeWordService: ğŸ“± BACKGROUND_CHECK: ================================================
08-29 12:21:46.415 20921 23956 I WakeWordService: ğŸ™ï¸ AUDIO_LOOP: Audio processing loop ended (isRunning: false, interrupted: false)
08-29 12:21:46.415 20921 20921 I WakeWordService: â¸ï¸ PAUSE_RESUME: ğŸ• Starting 2-minute auto-resume timer (coroutine: StandaloneCoroutine{Active}@bb9f8d8)
08-29 12:21:46.469 20921 20921 D VoiceManager: Restarting speech recognition for continuous conversation
08-29 12:21:46.470 20921 20921 D VoiceManager: startListening() called. Attempting to start speech recognition...
08-29 12:21:46.471 20921 20921 D VoiceManager: Sent broadcast to pause wake word detection during listening
08-29 12:21:46.471 20921 20921 I VoiceManager: ğŸµ SPEECH_RECOGNITION: Requesting HIGH PRIORITY audio focus for speech recognition
08-29 12:21:46.471 20921 20921 D AudioManager: Requesting audio focus: SPEECH_RECOGNITION (ID: speech_recognition_1756488106471)
08-29 12:21:46.471 20921 20921 D AudioManager: Same type request detected (SPEECH_RECOGNITION), ensuring proper cleanup before new request
08-29 12:21:46.471 20921 20921 I AudioManager: Abandoning audio focus: SPEECH_RECOGNITION (ID: speech_recognition_1756488106361)
08-29 12:21:46.584 10156 10156 D AudioManager: dispatching onAudioFocusChange(-2) to android.media.AudioManager@1dacdb2epk@1aea9a6
08-29 12:21:46.584 20921 20921 I AudioManager: Audio focus granted: SPEECH_RECOGNITION (ID: speech_recognition_1756488106471)
08-29 12:21:46.584 20921 20921 I VoiceManager: ğŸµ SPEECH_RECOGNITION: HIGH PRIORITY audio focus gained for speech recognition
08-29 12:21:46.584 20921 20921 I VoiceManager: ğŸµ SPEECH_RECOGNITION: HIGH PRIORITY audio focus granted - starting SpeechRecognizer on main thread
08-29 12:21:46.584 20921 20921 D VoiceManager: Ignoring duplicate state change: LISTENING
08-29 12:21:46.584 20921 20921 D VoiceManager: Speech recognition parameters: minLength=4000, completeSilence=3500, possibleSilence=2500
08-29 12:21:46.584 20921 20921 I VoiceManager: Using Android default timing parameters for SpeechRecognizer
08-29 12:21:46.584 20921 20921 I VoiceManager: SpeechRecognizer started listening.
08-29 12:21:46.593 20921 20921 D VoiceManager: Ready for speech
08-29 12:21:46.595 20921 20921 E VoiceManager: Speech recognition error: Client error
08-29 12:21:48.467 20921 20921 D VoiceManager: Beginning of speech
08-29 12:21:48.774 20921 20921 D VoiceManager: Partial results: ''
08-29 12:21:49.007 20921 20921 D VoiceManager: Partial results: ''
08-29 12:21:49.077 20921 20921 D VoiceManager: Partial results: ''
08-29 12:21:49.188 20921 20921 D VoiceManager: Partial results: ''
08-29 12:21:49.319 20921 20921 D VoiceManager: Partial results: 'what'
08-29 12:21:49.609 20921 20921 D VoiceManager: Partial results: 'what are'
08-29 12:21:49.666 20921 20921 D VoiceManager: Partial results: 'what are'
08-29 12:21:49.742 20921 20921 D VoiceManager: Partial results: 'what are your'
08-29 12:21:49.869 20921 20921 D VoiceManager: Partial results: 'what are your other'
08-29 12:21:49.938 20921 20921 D VoiceManager: Partial results: 'what are your other'
08-29 12:21:50.462 20921 20921 D VoiceManager: Partial results: 'what are your other capabilities'
08-29 12:21:50.652 20921 20921 D VoiceManager: End of speech
08-29 12:21:50.655 20921 20921 D VoiceManager: Speech recognition results received: 1 matches
08-29 12:21:50.655 20921 20921 D VoiceManager: Match 0: 'what are your other capabilities'
08-29 12:21:50.655 20921 20921 I VoiceManager: Speech recognized: 'what are your other capabilities'
08-29 12:21:50.655 20921 20921 I VoiceManager: Speech recognized: "what are your other capabilities"
08-29 12:21:50.655 20921 20921 D VoiceManager: ğŸµ SPEECH_RECOGNITION: Stopping speech recognition to release audio focus for TTS
08-29 12:21:50.655 20921 20921 D AudioManager: Releasing audio focus for ID: speech_recognition_1756488106471
08-29 12:21:50.655 20921 20921 I AudioManager: Releasing current focus holder SPEECH_RECOGNITION (ID: speech_recognition_1756488106471)
08-29 12:21:50.655 20921 20921 I AudioManager: Abandoning audio focus: SPEECH_RECOGNITION (ID: speech_recognition_1756488106471)
08-29 12:21:50.658 20921 20921 D VoiceManager: ğŸµ SPEECH_RECOGNITION: Released audio focus for speech recognition
08-29 12:21:50.658 20921 20921 D VoiceManager: Voice state transition: LISTENING -> PROCESSING
08-29 12:21:50.658 20921 20921 I VoiceManager: Speech recognition completed successfully, processing command
08-29 12:21:50.658 20921 20921 D VoiceManager: Active conversation state (PROCESSING), pausing wake word detection
08-29 12:21:50.658 20921 20921 D TextToSpeechManager: ğŸµ TTS QUEUE: Stopping TTS and clearing queue
08-29 12:21:50.658 20921 20921 D VoiceManager: ğŸ“± PROCESSING_DECISION: ========== PROCESSING DECISION ==========
08-29 12:21:50.659 20921 20921 D VoiceManager: ğŸ“± PROCESSING_DECISION: App in foreground: true
08-29 12:21:50.659 20921 20921 D VoiceManager: ğŸ“± PROCESSING_DECISION: Decision: Send to React Native
08-29 12:21:50.659 20921 20921 D VoiceManager: ğŸ“± PROCESSING_DECISION: ================================================
08-29 12:21:50.659 20921 20921 D VoiceManager: ğŸ“± RN_FLOW: Processing text via React Native
08-29 12:21:50.659 20921 20921 D VoiceManager: Sending text to voice processor for processing
08-29 12:21:50.659 20921 20921 D VoiceManager: ğŸ”µ VOICE_MANAGER: Processing text via new API flow: what are your other capabilities
08-29 12:21:50.660 20921 20921 E VoiceManager: Speech recognition error: Client error
08-29 12:21:50.660 20921 20921 D VoiceManager: Ignoring speech recognition error during PROCESSING/RESPONDING state
08-29 12:21:50.661 20921 20921 D AudioManager: Releasing audio focus for ID: speech_recognition_1756488106471
08-29 12:21:50.661 20921 20921 W AudioManager: No active request found with ID speech_recognition_1756488106471
08-29 12:21:50.661 20921 20921 D VoiceManager: ğŸµ Released audio focus for speech recognition (ID: speech_recognition_1756488106471)
08-29 12:21:53.901 20921 20921 W WakeWordService: â¸ï¸ PAUSE_RESUME: âš ï¸ Auto-resume triggered after 2 minutes
08-29 12:21:53.901 20921 20921 I WakeWordService: â–¶ï¸ PAUSE_RESUME: ========== RESUMING WAKE WORD DETECTION ==========
08-29 12:21:53.901 20921 20921 I WakeWordService: â–¶ï¸ PAUSE_RESUME: Timestamp: 1756488113901
08-29 12:21:53.901 20921 20921 I WakeWordService: â–¶ï¸ PAUSE_RESUME: Previous state: Paused
08-29 12:21:53.901 20921 20921 I WakeWordService: â–¶ï¸ PAUSE_RESUME: Resetting openWakeWordEngine singleton state...
08-29 12:21:53.928 20921 20921 I WakeWordService: â–¶ï¸ PAUSE_RESUME: âœ… OpenWakeWordEngine singleton reset successfully
08-29 12:21:54.040 20921 20921 I WakeWordService: â–¶ï¸ PAUSE_RESUME: âœ… Fresh OpenWakeWordEngine instance initialized and ready
08-29 12:21:54.040 20921 20921 I WakeWordService: â–¶ï¸ PAUSE_RESUME: Active wake phrase: 'Juniper'
08-29 12:21:54.040 20921 20921 I WakeWordService: â–¶ï¸ PAUSE_RESUME: âœ… Detection state variables reset
08-29 12:21:54.040 20921 20921 I WakeWordService: â–¶ï¸ PAUSE_RESUME: Resume cooldown active for 2000ms to prevent false detections
08-29 12:21:54.040 20921 20921 I WakeWordService: â–¶ï¸ PAUSE_RESUME: Reinitializing AudioRecord and recording thread for wake word detection
08-29 12:21:54.041 20921 20921 D AudioManager: Setting up Bluetooth audio route monitoring...
08-29 12:21:54.041 20921 20921 I AudioManager: AudioManager initialized with Bluetooth monitoring
08-29 12:21:54.041 20921 20921 I WakeWordService: ğŸµ WAKE_WORD_SETUP: Requesting audio focus for wake word detection...
08-29 12:21:54.041 20921 20921 D AudioManager: Requesting audio focus: BACKGROUND_AUDIO (ID: wake_word_detection)
08-29 12:21:54.042 20921 20921 I AudioManager: Audio focus granted: BACKGROUND_AUDIO (ID: wake_word_detection)
08-29 12:21:54.042 20921 20921 I WakeWordService: ğŸµ WAKE_WORD_SETUP: Audio focus GAINED for wake word detection
08-29 12:21:54.042 20921 20921 I WakeWordService: ğŸµ WAKE_WORD_SETUP: âœ… Audio focus acquired for wake word detection
08-29 12:21:54.080 20921 20921 D WakeWordService: Audio recording started successfully
08-29 12:21:54.080 20921 20921 I WakeWordService: â–¶ï¸ PAUSE_RESUME: âœ… AudioRecord and recording thread reinitialized and started
08-29 12:21:54.080 20921 20921 I WakeWordService: â–¶ï¸ PAUSE_RESUME: Wake word threshold: 0.05
08-29 12:21:54.080 20921 24039 I WakeWordService: ğŸ™ï¸ AUDIO_LOOP: ========== STARTING AUDIO PROCESSING LOOP ==========
08-29 12:21:54.081 20921 24039 I WakeWordService: ğŸ™ï¸ AUDIO_LOOP: Buffer size: 1280 samples (80ms)
08-29 12:21:54.081 20921 24039 I WakeWordService: ğŸ™ï¸ AUDIO_LOOP: Sample rate: 16000Hz
08-29 12:21:54.081 20921 24039 I WakeWordService: ğŸ™ï¸ AUDIO_LOOP: Wake word threshold: 0.05
08-29 12:21:54.081 20921 24039 I WakeWordService: ğŸ™ï¸ AUDIO_LOOP: =====================================================
08-29 12:21:54.084 20921 20921 I WakeWordService: â–¶ï¸ PAUSE_RESUME: âœ… Wake word detection resumed successfully
08-29 12:21:54.084 20921 20921 I WakeWordService: â–¶ï¸ PAUSE_RESUME: ====================================================
08-29 12:21:54.092 20921 20921 I WakeWordService: Pausing wake word detection during conversation
08-29 12:21:58.985 20921 20921 D VoiceManager: Received response from voice processor, length: 649 chars
08-29 12:21:58.985 20921 20921 I VoiceManager: Processing complete, responding to user
08-29 12:21:58.985 20921 20921 D VoiceManager: ğŸµ TTS_START: Starting TTS with fixed audio focus handling
08-29 12:21:58.985 20921 20921 D TextToSpeechManager: ğŸµ TTS QUEUE: speak() called with text: 'I can help you with a wide range of tasks through my specialized agents: (1) **Integrations** - send emails, manage calendar events, fetch data from services like Fitbit, Notion, Gmail, and handle integration setups, (2) **Web Search** - find current information and news with real-time search capabilities, (3) **Knowledge Management** - store and retrieve information from your personal repository for later use, and (4) **System Configuration** - adjust settings like wake words, voice preferences, and chat models. I'm designed to actually perform tasks end-to-end rather than just provide guidance, so feel free to ask me to do things directly!', queueMode: 0
08-29 12:21:58.985 20921 20921 D TextToSpeechManager: ğŸµ TTS QUEUE: QUEUE_FLUSH - clearing queue and stopping current speech
08-29 12:21:58.986 20921 20921 D TextToSpeechManager: ğŸµ TTS QUEUE: Added request to queue. Queue size: 1
08-29 12:21:58.986 20921 20921 D TextToSpeechManager: ğŸµ TTS QUEUE: Processing request: 'I can help you with a wide range of tasks through my specialized agents: (1) **Integrations** - send emails, manage calendar events, fetch data from services like Fitbit, Notion, Gmail, and handle integration setups, (2) **Web Search** - find current information and news with real-time search capabilities, (3) **Knowledge Management** - store and retrieve information from your personal repository for later use, and (4) **System Configuration** - adjust settings like wake words, voice preferences, and chat models. I'm designed to actually perform tasks end-to-end rather than just provide guidance, so feel free to ask me to do things directly!'
08-29 12:21:58.986 20921 20921 D TextToSpeechManager: ğŸµ TTS TIMING: speakImmediately() called at 1756488118986 with text: 'I can help you with a wide range of tasks through my specialized agents: (1) **Integrations** - send emails, manage calendar events, fetch data from services like Fitbit, Notion, Gmail, and handle integration setups, (2) **Web Search** - find current information and news with real-time search capabilities, (3) **Knowledge Management** - store and retrieve information from your personal repository for later use, and (4) **System Configuration** - adjust settings like wake words, voice preferences, and chat models. I'm designed to actually perform tasks end-to-end rather than just provide guidance, so feel free to ask me to do things directly!'
08-29 12:21:58.986 20921 20921 D TextToSpeechManager: ğŸµ TTS: Requesting audio focus (ID: tts_040c5b4b-68ee-4746-9aed-b71b485f033b)
08-29 12:21:58.986 20921 20921 D AudioManager: Requesting audio focus: TTS (ID: tts_040c5b4b-68ee-4746-9aed-b71b485f033b)
08-29 12:21:58.986 20921 20921 I AudioManager: Higher priority request (TTS) interrupting current (BACKGROUND_AUDIO)
08-29 12:21:58.986 20921 20921 I AudioManager: Interrupting current request BACKGROUND_AUDIO (ID: wake_word_detection) for higher priority
08-29 12:21:58.986 20921 20921 W WakeWordService: ğŸµ WAKE_WORD_SETUP: Audio focus LOST for wake word detection
08-29 12:21:58.986 20921 20921 I AudioManager: Abandoning audio focus: BACKGROUND_AUDIO (ID: wake_word_detection)
08-29 12:21:58.991 20921 20921 I AudioManager: Audio focus granted: TTS (ID: tts_040c5b4b-68ee-4746-9aed-b71b485f033b)
08-29 12:21:58.991 20921 20921 D TextToSpeechManager: ğŸµ TTS audio focus gained
08-29 12:21:58.991 20921 20921 D TextToSpeechManager: ğŸµ TTS audio focus request result: true
08-29 12:21:58.991 20921 20921 D TextToSpeechManager: ğŸµ TTS TIMING: Audio focus handling took 5ms - granted: true
08-29 12:21:58.991 20921 20921 D TextToSpeechManager: Generated utterance ID: b9e8fea0-6260-4282-898a-c4766fbe594d
08-29 12:21:58.991 20921 20921 D TextToSpeechManager: ğŸµ TTS TIMING: Calling textToSpeech.speak() at 5ms
08-29 12:21:59.000 20921 20921 D TextToSpeechManager: ğŸµ TTS TIMING: textToSpeech.speak() returned at 14ms: 0
08-29 12:21:59.000 20921 20921 I TextToSpeechManager: TTS speak() call successful
08-29 12:21:59.808 20921 23892 D TextToSpeechManager: ğŸµ TTS TIMING: Speech ACTUALLY started for utterance: b9e8fea0-6260-4282-898a-c4766fbe594d at 822ms
08-29 12:22:24.107 20921 24039 D WakeWordService: ğŸ™ï¸ AUDIO_LOOP: Processed 374 chunks in 30s (isPaused: true)
08-29 12:22:34.530 20921 24049 D TextToSpeechManager: ğŸµ TTS TIMING: Speech completed for utterance: b9e8fea0-6260-4282-898a-c4766fbe594d at 35544ms
08-29 12:22:34.530 20921 24049 D AudioManager: Releasing audio focus for ID: tts_040c5b4b-68ee-4746-9aed-b71b485f033b
08-29 12:22:34.530 20921 24049 I AudioManager: Releasing current focus holder TTS (ID: tts_040c5b4b-68ee-4746-9aed-b71b485f033b)
08-29 12:22:34.530 20921 24049 I AudioManager: Abandoning audio focus: TTS (ID: tts_040c5b4b-68ee-4746-9aed-b71b485f033b)
08-29 12:22:34.534 20921 24049 D TextToSpeechManager: ğŸµ TTS audio focus released
08-29 12:22:34.534 20921 24049 D TextToSpeechManager: ğŸµ TTS QUEUE: Request completed, processing next
08-29 12:22:34.534 20921 24049 I VoiceManager: TTS complete, setting state to LISTENING to continue conversation
08-29 12:22:34.834 20921 20921 D VoiceManager: Voice state transition: RESPONDING -> LISTENING
08-29 12:22:34.835 20921 20921 D VoiceManager: Active conversation state (LISTENING), pausing wake word detection
08-29 12:22:34.835 20921 20921 D TextToSpeechManager: ğŸµ TTS QUEUE: Stopping TTS and clearing queue
08-29 12:22:34.838 20921 20921 D VoiceManager: LISTENING state detected but isListening=false, reactivating speech recognizer
08-29 12:22:34.940 20921 20921 D VoiceManager: Restarting speech recognition for continuous conversation
08-29 12:22:34.941 20921 20921 D VoiceManager: startListening() called. Attempting to start speech recognition...
08-29 12:22:34.943 20921 20921 D VoiceManager: Sent broadcast to pause wake word detection during listening
08-29 12:22:34.943 20921 20921 I VoiceManager: ğŸµ SPEECH_RECOGNITION: Requesting HIGH PRIORITY audio focus for speech recognition
08-29 12:22:34.943 20921 20921 D AudioManager: Requesting audio focus: SPEECH_RECOGNITION (ID: speech_recognition_1756488154943)
08-29 12:22:34.948 20921 20921 I AudioManager: Audio focus granted: SPEECH_RECOGNITION (ID: speech_recognition_1756488154943)
08-29 12:22:34.948 20921 20921 I VoiceManager: ğŸµ SPEECH_RECOGNITION: HIGH PRIORITY audio focus gained for speech recognition
08-29 12:22:34.948 20921 20921 I VoiceManager: ğŸµ SPEECH_RECOGNITION: HIGH PRIORITY audio focus granted - starting SpeechRecognizer on main thread
08-29 12:22:34.948 20921 20921 D VoiceManager: Ignoring duplicate state change: LISTENING
08-29 12:22:34.948 20921 20921 D VoiceManager: Speech recognition parameters: minLength=4000, completeSilence=3500, possibleSilence=2500
08-29 12:22:34.949 20921 20921 I VoiceManager: Using Android default timing parameters for SpeechRecognizer
08-29 12:22:34.949 20921 20921 I VoiceManager: SpeechRecognizer started listening.
08-29 12:22:34.973 20921 20921 D AudioManager: dispatching onAudioFocusChange(-2) to android.media.AudioManager@a176834com.hightowerai.MobileJarvisNative.utils.AudioManager$$ExternalSyntheticLambda13@2437497
08-29 12:22:34.974 20921 20921 I AudioManager: Transient focus loss for SPEECH_RECOGNITION
08-29 12:22:34.974 20921 20921 W VoiceManager: ğŸµ SPEECH_RECOGNITION: Audio focus lost for speech recognition
08-29 12:22:34.974 20921 20921 D VoiceManager: ğŸµ SPEECH_RECOGNITION: Transient audio focus loss - will wait for recovery
08-29 12:22:35.054 20921 20921 D VoiceManager: Ready for speech
08-29 12:22:40.068 20921 20921 D AudioManager: dispatching onAudioFocusChange(1) to android.media.AudioManager@a176834com.hightowerai.MobileJarvisNative.utils.AudioManager$$ExternalSyntheticLambda13@2437497
08-29 12:22:40.069 20921 20921 D AudioManager: Audio focus gained for SPEECH_RECOGNITION
08-29 12:22:40.070 20921 20921 I VoiceManager: ğŸµ SPEECH_RECOGNITION: HIGH PRIORITY audio focus gained for speech recognition
08-29 12:22:40.157 20921 20921 E VoiceManager: Speech recognition error: No recognition match
08-29 12:22:40.157 20921 20921 D VoiceManager: ğŸµ SPEECH_RECOGNITION: Releasing audio focus before retry
08-29 12:22:40.157 20921 20921 D AudioManager: Releasing audio focus for ID: speech_recognition_1756488154943
08-29 12:22:40.157 20921 20921 I AudioManager: Releasing current focus holder SPEECH_RECOGNITION (ID: speech_recognition_1756488154943)
08-29 12:22:40.157 20921 20921 I AudioManager: Abandoning audio focus: SPEECH_RECOGNITION (ID: speech_recognition_1756488154943)
08-29 12:22:40.163 20921 20921 D VoiceManager: ğŸµ Released audio focus for speech recognition (ID: speech_recognition_1756488154943)
08-29 12:22:40.163 20921 20921 D VoiceManager: No speech detected
08-29 12:22:40.163 20921 20921 D VoiceManager: Maximum retry attempts reached (1), resetting to idle
08-29 12:22:40.164 20921 20921 I VoiceManager: Message: I didn't hear anything. Please try saying the wake word again when you're ready.
08-29 12:22:42.668 20921 20921 D VoiceManager: Voice state transition: RESPONDING -> IDLE
08-29 12:22:42.669 20921 20921 D VoiceManager: Conversation completed, re-enabling wake word detection
08-29 12:22:42.672 20921 20921 I VoiceManager: ğŸ”„ WAKE_WORD_RESUME: Sent broadcast to resume wake word detection
08-29 12:22:42.672 20921 20921 D VoiceManager: ğŸ”„ WAKE_WORD_RESUME: Broadcast action: com.hightowerai.MobileJarvisNative.RESUME_WAKE_WORD
08-29 12:22:42.672 20921 20921 D VoiceManager: ğŸ”„ WAKE_WORD_RESUME: Package name: com.hightowerai.MobileJarvisNative
08-29 12:22:42.680 20921 20921 I WakeWordService: ğŸ”„ WAKE_WORD_RESUME: ========== RESUME BROADCAST RECEIVED ==========
08-29 12:22:42.681 20921 20921 I WakeWordService: ğŸ”„ WAKE_WORD_RESUME: Action: com.hightowerai.MobileJarvisNative.RESUME_WAKE_WORD
08-29 12:22:42.681 20921 20921 I WakeWordService: ğŸ”„ WAKE_WORD_RESUME: Package: com.hightowerai.MobileJarvisNative
08-29 12:22:42.681 20921 20921 I WakeWordService: ğŸ”„ WAKE_WORD_RESUME: Calling resumeWakeWordDetectionFromPaused()
08-29 12:22:42.682 20921 20921 I WakeWordService: â–¶ï¸ PAUSE_RESUME: ========== RESUMING WAKE WORD DETECTION ==========
08-29 12:22:42.682 20921 20921 I WakeWordService: â–¶ï¸ PAUSE_RESUME: Timestamp: 1756488162682
08-29 12:22:42.682 20921 20921 I WakeWordService: â–¶ï¸ PAUSE_RESUME: Previous state: Paused
08-29 12:22:42.682 20921 20921 I WakeWordService: â–¶ï¸ PAUSE_RESUME: Resetting openWakeWordEngine singleton state...
08-29 12:22:42.699 20921 20921 I WakeWordService: â–¶ï¸ PAUSE_RESUME: âœ… OpenWakeWordEngine singleton reset successfully
08-29 12:22:42.814 20921 20921 I WakeWordService: â–¶ï¸ PAUSE_RESUME: âœ… Fresh OpenWakeWordEngine instance initialized and ready
08-29 12:22:42.814 20921 20921 I WakeWordService: â–¶ï¸ PAUSE_RESUME: Active wake phrase: 'Juniper'
08-29 12:22:42.814 20921 20921 I WakeWordService: â–¶ï¸ PAUSE_RESUME: âœ… Detection state variables reset
08-29 12:22:42.814 20921 20921 I WakeWordService: â–¶ï¸ PAUSE_RESUME: Resume cooldown active for 2000ms to prevent false detections
08-29 12:22:42.814 20921 20921 I WakeWordService: â–¶ï¸ PAUSE_RESUME: AudioRecord and recording thread already active
08-29 12:22:42.814 20921 20921 I WakeWordService: â–¶ï¸ PAUSE_RESUME: Wake word threshold: 0.05
08-29 12:22:42.817 20921 20921 I WakeWordService: â–¶ï¸ PAUSE_RESUME: âœ… Wake word detection resumed successfully
08-29 12:22:42.817 20921 20921 I WakeWordService: â–¶ï¸ PAUSE_RESUME: ====================================================
08-29 12:22:42.817 20921 20921 I WakeWordService: ğŸ”„ WAKE_WORD_RESUME: ======================================
08-29 12:22:43.173 20921 20921 D VoiceManager: ğŸ”„ WAKE_WORD_RESUME: Broadcast sent, WakeWordService should have resumed by now
08-29 12:22:54.184 20921 24039 D WakeWordService: ğŸ™ï¸ AUDIO_LOOP: Processed 355 chunks in 30s (isPaused: false)
08-29 12:23:24.188 20921 24039 D WakeWordService: ğŸ™ï¸ AUDIO_LOOP: Processed 310 chunks in 30s (isPaused: false)
