07-25 11:44:59.214 18734 18866 I WakeWordModule: ğŸšï¸ WAKEWORD_SENSITIVITY: ================================================
07-25 11:45:44.874 18734 18866 I WakeWordModule: ğŸšï¸ WAKEWORD_SENSITIVITY: ========== SET WAKE WORD SENSITIVITY ==========
07-25 11:45:44.874 18734 18866 I WakeWordModule: ğŸšï¸ WAKEWORD_SENSITIVITY: setWakeWordSensitivity called from React Native
07-25 11:45:44.874 18734 18866 I WakeWordModule: ğŸšï¸ WAKEWORD_SENSITIVITY: Timestamp: 1753461944874
07-25 11:45:44.874 18734 18866 I WakeWordModule: ğŸšï¸ WAKEWORD_SENSITIVITY: Thread: mqt_native_modules
07-25 11:45:44.874 18734 18866 I WakeWordModule: ğŸšï¸ WAKEWORD_SENSITIVITY: Parameter received: 0.2 (type: float)
07-25 11:45:44.874 18734 18866 I WakeWordModule: ğŸšï¸ WAKEWORD_SENSITIVITY: Sensitivity percentage: 20%
07-25 11:45:44.874 18734 18866 I WakeWordModule: ğŸšï¸ WAKEWORD_SENSITIVITY: ========== VALIDATING SENSITIVITY ==========
07-25 11:45:44.874 18734 18866 I WakeWordModule: ğŸšï¸ WAKEWORD_SENSITIVITY: Valid range: 0.0 - 1.0
07-25 11:45:44.874 18734 18866 I WakeWordModule: ğŸšï¸ WAKEWORD_SENSITIVITY: Received value: 0.2
07-25 11:45:44.874 18734 18866 I WakeWordModule: ğŸšï¸ WAKEWORD_SENSITIVITY: âœ… Sensitivity value 0.2 is valid
07-25 11:45:44.874 18734 18866 I WakeWordModule: ğŸšï¸ WAKEWORD_SENSITIVITY: ========== SAVING TO SHARED PREFERENCES ==========
07-25 11:45:44.875 18734 18866 I WakeWordModule: ğŸšï¸ WAKEWORD_SENSITIVITY: Previous sensitivity: 0.4 (40%)
07-25 11:45:44.875 18734 18866 I WakeWordModule: ğŸšï¸ WAKEWORD_SENSITIVITY: New sensitivity: 0.2 (20%)
07-25 11:45:44.880 18734 18866 I WakeWordModule: ğŸšï¸ WAKEWORD_SENSITIVITY: SharedPreferences save took 5ms
07-25 11:45:44.880 18734 18866 I WakeWordModule: ğŸšï¸ WAKEWORD_SENSITIVITY: Save result: true
07-25 11:45:44.880 18734 18866 I WakeWordModule: ğŸšï¸ WAKEWORD_SENSITIVITY: ========== VERIFICATION ==========
07-25 11:45:44.880 18734 18866 I WakeWordModule: ğŸšï¸ WAKEWORD_SENSITIVITY: Verified saved sensitivity: 0.2 (20%)
07-25 11:45:44.880 18734 18866 I WakeWordModule: ğŸšï¸ WAKEWORD_SENSITIVITY: ========== SUCCESS ==========
07-25 11:45:44.880 18734 18866 I WakeWordModule: ğŸšï¸ WAKEWORD_SENSITIVITY: âœ… Sensitivity changed from 0.4 (40%) to 0.2 (20%)
07-25 11:45:44.880 18734 18866 I WakeWordModule: ğŸšï¸ WAKEWORD_SENSITIVITY: âœ… Sensitivity preference saved and verified successfully
07-25 11:45:44.880 18734 18866 I WakeWordModule: ğŸšï¸ WAKEWORD_SENSITIVITY: âš ï¸ Note: Service restart required for change to take effect
07-25 11:45:44.880 18734 18866 I WakeWordModule: ğŸšï¸ WAKEWORD_SENSITIVITY: ================================================
07-25 11:45:44.917 18734 18866 D WakeWordModule: Current wake word state: enabled=false, serviceRunning=false
07-25 11:45:45.355 18734 18866 I WakeWordModule: ğŸšï¸ WAKEWORD_SENSITIVITY: ========== SET WAKE WORD SENSITIVITY ==========
07-25 11:45:45.355 18734 18866 I WakeWordModule: ğŸšï¸ WAKEWORD_SENSITIVITY: setWakeWordSensitivity called from React Native
07-25 11:45:45.355 18734 18866 I WakeWordModule: ğŸšï¸ WAKEWORD_SENSITIVITY: Timestamp: 1753461945355
07-25 11:45:45.355 18734 18866 I WakeWordModule: ğŸšï¸ WAKEWORD_SENSITIVITY: Thread: mqt_native_modules
07-25 11:45:45.355 18734 18866 I WakeWordModule: ğŸšï¸ WAKEWORD_SENSITIVITY: Parameter received: 0.2 (type: float)
07-25 11:45:45.355 18734 18866 I WakeWordModule: ğŸšï¸ WAKEWORD_SENSITIVITY: Sensitivity percentage: 20%
07-25 11:45:45.355 18734 18866 I WakeWordModule: ğŸšï¸ WAKEWORD_SENSITIVITY: ========== VALIDATING SENSITIVITY ==========
07-25 11:45:45.355 18734 18866 I WakeWordModule: ğŸšï¸ WAKEWORD_SENSITIVITY: Valid range: 0.0 - 1.0
07-25 11:45:45.355 18734 18866 I WakeWordModule: ğŸšï¸ WAKEWORD_SENSITIVITY: Received value: 0.2
07-25 11:45:45.355 18734 18866 I WakeWordModule: ğŸšï¸ WAKEWORD_SENSITIVITY: âœ… Sensitivity value 0.2 is valid
07-25 11:45:45.355 18734 18866 I WakeWordModule: ğŸšï¸ WAKEWORD_SENSITIVITY: ========== SAVING TO SHARED PREFERENCES ==========
07-25 11:45:45.355 18734 18866 I WakeWordModule: ğŸšï¸ WAKEWORD_SENSITIVITY: Previous sensitivity: 0.2 (20%)
07-25 11:45:45.355 18734 18866 I WakeWordModule: ğŸšï¸ WAKEWORD_SENSITIVITY: New sensitivity: 0.2 (20%)
07-25 11:45:45.355 18734 18866 I WakeWordModule: ğŸšï¸ WAKEWORD_SENSITIVITY: â„¹ï¸ Sensitivity unchanged, but saving anyway
07-25 11:45:45.355 18734 18866 I WakeWordModule: ğŸšï¸ WAKEWORD_SENSITIVITY: SharedPreferences save took 0ms
07-25 11:45:45.355 18734 18866 I WakeWordModule: ğŸšï¸ WAKEWORD_SENSITIVITY: Save result: true
07-25 11:45:45.355 18734 18866 I WakeWordModule: ğŸšï¸ WAKEWORD_SENSITIVITY: ========== VERIFICATION ==========
07-25 11:45:45.355 18734 18866 I WakeWordModule: ğŸšï¸ WAKEWORD_SENSITIVITY: Verified saved sensitivity: 0.2 (20%)
07-25 11:45:45.355 18734 18866 I WakeWordModule: ğŸšï¸ WAKEWORD_SENSITIVITY: ========== SUCCESS ==========
07-25 11:45:45.356 18734 18866 I WakeWordModule: ğŸšï¸ WAKEWORD_SENSITIVITY: âœ… Sensitivity changed from 0.2 (20%) to 0.2 (20%)
07-25 11:45:45.356 18734 18866 I WakeWordModule: ğŸšï¸ WAKEWORD_SENSITIVITY: âœ… Sensitivity preference saved and verified successfully
07-25 11:45:45.356 18734 18866 I WakeWordModule: ğŸšï¸ WAKEWORD_SENSITIVITY: âš ï¸ Note: Service restart required for change to take effect
07-25 11:45:45.356 18734 18866 I WakeWordModule: ğŸšï¸ WAKEWORD_SENSITIVITY: ================================================
07-25 11:45:45.357 18734 18866 D WakeWordModule: Current wake word state: enabled=false, serviceRunning=false
07-25 11:46:12.568 18734 18866 I WakeWordModule: ğŸš€ START_DETECTION: ========== STARTING WAKE WORD DETECTION ==========
07-25 11:46:12.569 18734 18866 I WakeWordModule: ğŸš€ START_DETECTION: Service class: com.anonymous.MobileJarvisNative.wakeword.WakeWordService
07-25 11:46:12.569 18734 18866 I WakeWordModule: ğŸš€ START_DETECTION: Timestamp: 1753461972569
07-25 11:46:12.569 18734 18866 I WakeWordModule: ğŸš€ START_DETECTION: Android version: 34
07-25 11:46:12.569 18734 18866 I WakeWordModule: ğŸš€ START_DETECTION: Checking permissions...
07-25 11:46:12.569 18734 18866 I WakeWordModule: ğŸš€ START_DETECTION: RECORD_AUDIO permission: true
07-25 11:46:12.569 18734 18866 I WakeWordModule: ğŸš€ START_DETECTION: FOREGROUND_SERVICE_MICROPHONE permission: true
07-25 11:46:12.569 18734 18866 D WakeWordModule: Set wake_word_enabled preference to true
07-25 11:46:12.569 18734 18866 I WakeWordModule: ğŸš€ START_DETECTION: âœ… All permissions granted
07-25 11:46:12.569 18734 18866 I WakeWordModule: ğŸš€ START_DETECTION: Creating service intent for class: com.anonymous.MobileJarvisNative.wakeword.WakeWordService
07-25 11:46:12.569 18734 18866 I WakeWordModule: ğŸš€ START_DETECTION: Starting service...
07-25 11:46:12.569 18734 18866 I WakeWordModule: ğŸš€ START_DETECTION: Using startForegroundService() for Android O+
07-25 11:46:12.572 18734 18866 I WakeWordModule: ğŸš€ START_DETECTION: âœ… Service start command sent successfully
07-25 11:46:12.572 18734 18866 I WakeWordModule: ğŸš€ START_DETECTION: âœ… Wake word detection started successfully
07-25 11:46:12.572 18734 18866 I WakeWordModule: ğŸš€ START_DETECTION: =====================================================
07-25 11:46:12.573 18734 18866 I WakeWordModule: ğŸš€ START_DETECTION: ========== STARTING WAKE WORD DETECTION ==========
07-25 11:46:12.573 18734 18866 I WakeWordModule: ğŸš€ START_DETECTION: Service class: com.anonymous.MobileJarvisNative.wakeword.WakeWordService
07-25 11:46:12.573 18734 18866 I WakeWordModule: ğŸš€ START_DETECTION: Timestamp: 1753461972573
07-25 11:46:12.573 18734 18866 I WakeWordModule: ğŸš€ START_DETECTION: Android version: 34
07-25 11:46:12.573 18734 18866 I WakeWordModule: ğŸš€ START_DETECTION: Checking permissions...
07-25 11:46:12.573 18734 18866 I WakeWordModule: ğŸš€ START_DETECTION: RECORD_AUDIO permission: true
07-25 11:46:12.573 18734 18866 I WakeWordModule: ğŸš€ START_DETECTION: FOREGROUND_SERVICE_MICROPHONE permission: true
07-25 11:46:12.573 18734 18866 D WakeWordModule: Set wake_word_enabled preference to true
07-25 11:46:12.573 18734 18866 I WakeWordModule: ğŸš€ START_DETECTION: âœ… All permissions granted
07-25 11:46:12.573 18734 18866 I WakeWordModule: ğŸš€ START_DETECTION: â„¹ï¸ Service already running, updating state only
07-25 11:46:12.576 18734 18734 I WakeWordService: ğŸš€ SERVICE_LIFECYCLE: ========== WAKE WORD SERVICE CREATED ==========
07-25 11:46:12.576 18734 18734 I WakeWordService: ğŸš€ SERVICE_LIFECYCLE: Cleaning up any stale state from previous instance...
07-25 11:46:12.576 18734 18734 W WakeWordService: ğŸš€ SERVICE_LIFECYCLE: âš ï¸ Previous service instance found - cleaning up...
07-25 11:46:12.576 18734 18734 I WakeWordService: ğŸ§¹ CLEANUP: Cancelling service scope and all running coroutines...
07-25 11:46:12.576 18734 18734 I WakeWordService: ğŸ§¹ CLEANUP: âœ… All coroutines cancelled successfully
07-25 11:46:12.576 18734 18734 I WakeWordService: ğŸ§¹ CLEANUP: OpenWakeWordEngine singleton reset during cleanup
07-25 11:46:12.576 18734 18734 I WakeWordService: ğŸš€ SERVICE_LIFECYCLE: OpenWakeWordEngine singleton reset on service creation
07-25 11:46:12.577 18734 18734 I WakeWordService: ğŸš€ SERVICE_LIFECYCLE: Fresh service scope initialized
07-25 11:46:12.578 18734 18734 I WakeWordService: ğŸš€ SERVICE_LIFECYCLE: Starting foreground service...
07-25 11:46:12.578 18734 18734 I WakeWordService: ğŸš€ SERVICE_LIFECYCLE: Registering broadcast receivers...
07-25 11:46:12.580 18734 18734 D WakeWordService: Registered pause/resume broadcast receiver
07-25 11:46:12.580 18734 18734 I WakeWordService: ğŸš€ SERVICE_LIFECYCLE: =====================================================
07-25 11:46:12.580 18734 18734 I WakeWordService: Service onStartCommand called (WakeWordService)
07-25 11:46:12.585 18734 18734 D WakeWordService: Foreground service started with notification
07-25 11:46:12.587 18734 18734 D WakeWordService: Foreground service started with notification
07-25 11:46:12.594 18734 18843 I WakeWordService: Entered initializeService()
07-25 11:46:12.595 18734 18843 I WakeWordService: ğŸ¤– ENGINE_CHECK: ========== CHECKING OPENWAKEWORD ENGINE ==========
07-25 11:46:12.595 18734 18843 I WakeWordService: ğŸ¤– ENGINE_CHECK: Getting OpenWakeWord engine instance...
07-25 11:46:12.595 18734 18843 I WakeWordService: ğŸ¤– ENGINE_CHECK: âœ… Engine instance obtained
07-25 11:46:12.595 18734 18843 I WakeWordService: ğŸ¤– ENGINE_CHECK: Initializing engine...
07-25 11:46:12.595 18734 18843 I OpenWakeWordEngine: ğŸš€ ENGINE_INIT: ========== INITIALIZING OPENWAKEWORD ENGINE ==========
07-25 11:46:12.595 18734 18843 I OpenWakeWordEngine: ğŸš€ ENGINE_INIT: Starting ONNX Runtime initialization...
07-25 11:46:12.595 18734 18843 I OpenWakeWordEngine: ğŸš€ ENGINE_INIT: Loading base models (mel + embedding)...
07-25 11:46:12.595 18734 18843 D OpenWakeWordEngine: ONNX Runtime environment initialized
07-25 11:46:12.595 18734 18843 D OpenWakeWordEngine: ğŸ”§ STEP 1: Loading melspectrogram.onnx model...
07-25 11:46:12.601 18734 18843 D OpenWakeWordEngine: Loaded model models/melspectrogram.onnx (1087958 bytes)
07-25 11:46:12.602 18734 18843 D OpenWakeWordEngine: ğŸ“Š Mel model size: 1087958 bytes
07-25 11:46:12.602 18734 18843 D OpenWakeWordEngine: ğŸ”§ STEP 2: Creating ONNX session for mel spectrogram...
07-25 11:46:12.613 18734 18843 D OpenWakeWordEngine: âœ… STEP 2 COMPLETE: Mel spectrogram session created successfully!
07-25 11:46:12.613 18734 18843 D OpenWakeWordEngine: Mel model - Input names: [input]
07-25 11:46:12.613 18734 18843 D OpenWakeWordEngine: Mel model - Output names: [output]
07-25 11:46:12.613 18734 18843 I OpenWakeWordEngine: ğŸ” MODEL_INSPECTION: ========== Mel MODEL TENSOR SHAPES ==========
07-25 11:46:12.613 18734 18843 I OpenWakeWordEngine: ğŸ” MODEL_INSPECTION: Input tensors:
07-25 11:46:12.613 18734 18843 I OpenWakeWordEngine: ğŸ” MODEL_INSPECTION:   Input 'input': info available=true
07-25 11:46:12.613 18734 18843 I OpenWakeWordEngine: ğŸ” MODEL_INSPECTION: Output tensors:
07-25 11:46:12.613 18734 18843 I OpenWakeWordEngine: ğŸ” MODEL_INSPECTION:   Output 'output': info available=true
07-25 11:46:12.614 18734 18843 I OpenWakeWordEngine: ğŸ”§ TENSOR_VALIDATION: Validating Mel tensor shapes...
07-25 11:46:12.614 18734 18843 I OpenWakeWordEngine: ğŸ”§ TENSOR_VALIDATION: Mel model expects:
07-25 11:46:12.614 18734 18843 I OpenWakeWordEngine: ğŸ”§ TENSOR_VALIDATION:   Input: [1, audio_samples] - variable audio length
07-25 11:46:12.614 18734 18843 I OpenWakeWordEngine: ğŸ”§ TENSOR_VALIDATION:   Output: [1, 1, mel_bins, time_frames] - produces mel spectrogram
07-25 11:46:12.614 18734 18843 I OpenWakeWordEngine: ğŸ”§ TENSOR_VALIDATION: âœ… Tensor shape validation completed for Mel
07-25 11:46:12.614 18734 18843 I OpenWakeWordEngine: ğŸ” MODEL_INSPECTION: ===================================================
07-25 11:46:12.614 18734 18843 D OpenWakeWordEngine: âœ… Mel spectrogram model fully initialized
07-25 11:46:12.614 18734 18843 D OpenWakeWordEngine: ğŸ”§ STEP 3: Loading embedding_model.onnx...
07-25 11:46:12.623 18734 18843 D OpenWakeWordEngine: Loaded model models/embedding_model.onnx (1326578 bytes)
07-25 11:46:12.623 18734 18843 D OpenWakeWordEngine: ğŸ“Š Embedding model size: 1326578 bytes
07-25 11:46:12.652 18734 18843 D OpenWakeWordEngine: âœ… STEP 3 COMPLETE: Embedding session created successfully!
07-25 11:46:12.652 18734 18843 D OpenWakeWordEngine: Embedding model - Input names: [input_1]
07-25 11:46:12.652 18734 18843 D OpenWakeWordEngine: Embedding model - Output names: [conv2d_19]
07-25 11:46:12.652 18734 18843 I OpenWakeWordEngine: ğŸ” MODEL_INSPECTION: ========== Embedding MODEL TENSOR SHAPES ==========
07-25 11:46:12.652 18734 18843 I OpenWakeWordEngine: ğŸ” MODEL_INSPECTION: Input tensors:
07-25 11:46:12.652 18734 18843 I OpenWakeWordEngine: ğŸ” MODEL_INSPECTION:   Input 'input_1': info available=true
07-25 11:46:12.652 18734 18843 I OpenWakeWordEngine: ğŸ” MODEL_INSPECTION: Output tensors:
07-25 11:46:12.653 18734 18843 I OpenWakeWordEngine: ğŸ” MODEL_INSPECTION:   Output 'conv2d_19': info available=true
07-25 11:46:12.653 18734 18843 I OpenWakeWordEngine: ğŸ”§ TENSOR_VALIDATION: Validating Embedding tensor shapes...
07-25 11:46:12.653 18734 18843 I OpenWakeWordEngine: ğŸ”§ TENSOR_VALIDATION: Embedding model expects:
07-25 11:46:12.653 18734 18843 I OpenWakeWordEngine: ğŸ”§ TENSOR_VALIDATION:   Input: [1, 76, 32, 1] - fixed size mel spectrogram
07-25 11:46:12.653 18734 18843 I OpenWakeWordEngine: ğŸ”§ TENSOR_VALIDATION:   Output: [1, 16, 96] - 16 sequences Ã— 96 features = 1536 total
07-25 11:46:12.653 18734 18843 I OpenWakeWordEngine: ğŸ”§ TENSOR_VALIDATION: âœ… Tensor shape validation completed for Embedding
07-25 11:46:12.653 18734 18843 I OpenWakeWordEngine: ğŸ” MODEL_INSPECTION: ===================================================
07-25 11:46:12.653 18734 18843 D OpenWakeWordEngine: âœ… All base ONNX models loaded successfully
07-25 11:46:12.653 18734 18843 I OpenWakeWordEngine: ğŸš€ ENGINE_INIT: âœ… Base models loaded successfully
07-25 11:46:12.653 18734 18843 I OpenWakeWordEngine: ğŸš€ ENGINE_INIT: Loading default wake word model: 'hey_jarvis'
07-25 11:46:12.653 18734 18843 D OpenWakeWordEngine: Loading wake word model: hey_jarvis_v0.1.onnx
07-25 11:46:12.661 18734 18843 D OpenWakeWordEngine: Loaded model models/hey_jarvis_v0.1.onnx (1271370 bytes)
07-25 11:46:12.662 18734 18843 D OpenWakeWordEngine: Wake word model size: 1271370 bytes
07-25 11:46:12.685 18734 18843 D OpenWakeWordEngine: Wake word ONNX session created successfully
07-25 11:46:12.685 18734 18843 D OpenWakeWordEngine: Wake word model - Input names: [x.1]
07-25 11:46:12.685 18734 18843 D OpenWakeWordEngine: Wake word model - Output names: [53]
07-25 11:46:12.685 18734 18843 I OpenWakeWordEngine: ğŸ” MODEL_INSPECTION: ========== WakeWord (hey_jarvis) MODEL TENSOR SHAPES ==========
07-25 11:46:12.685 18734 18843 I OpenWakeWordEngine: ğŸ” MODEL_INSPECTION: Input tensors:
07-25 11:46:12.685 18734 18843 I OpenWakeWordEngine: ğŸ” MODEL_INSPECTION:   Input 'x.1': info available=true
07-25 11:46:12.685 18734 18843 I OpenWakeWordEngine: ğŸ” MODEL_INSPECTION: Output tensors:
07-25 11:46:12.686 18734 18843 I OpenWakeWordEngine: ğŸ” MODEL_INSPECTION:   Output '53': info available=true
07-25 11:46:12.686 18734 18843 I OpenWakeWordEngine: ğŸ”§ TENSOR_VALIDATION: Validating WakeWord (hey_jarvis) tensor shapes...
07-25 11:46:12.686 18734 18843 I OpenWakeWordEngine: ğŸ”§ TENSOR_VALIDATION: Wake word model expects:
07-25 11:46:12.686 18734 18843 I OpenWakeWordEngine: ğŸ”§ TENSOR_VALIDATION:   Input: [1, 16, 96] - embeddings from embedding model
07-25 11:46:12.686 18734 18843 I OpenWakeWordEngine: ğŸ”§ TENSOR_VALIDATION:   Output: [1, 1] or [1] - confidence score
07-25 11:46:12.686 18734 18843 I OpenWakeWordEngine: ğŸ”§ TENSOR_VALIDATION: âœ… Tensor shape validation completed for WakeWord (hey_jarvis)
07-25 11:46:12.686 18734 18843 I OpenWakeWordEngine: ğŸ” MODEL_INSPECTION: ===================================================
07-25 11:46:12.686 18734 18843 D OpenWakeWordEngine: Wake word model 'hey_jarvis' loaded successfully
07-25 11:46:12.686 18734 18843 I OpenWakeWordEngine: ğŸš€ ENGINE_INIT: âœ… Wake word model loaded successfully
07-25 11:46:12.686 18734 18843 I OpenWakeWordEngine: ğŸš€ ENGINE_INIT: âœ… OpenWakeWord engine initialized successfully
07-25 11:46:12.686 18734 18843 I OpenWakeWordEngine: ğŸš€ ENGINE_INIT: =====================================================
07-25 11:46:12.686 18734 18843 I WakeWordService: ğŸ¤– ENGINE_CHECK: âœ… Engine initialization successful
07-25 11:46:12.686 18734 18843 I WakeWordService: ğŸ¤– ENGINE_CHECK: ====================================================
07-25 11:46:12.686 18734 18843 I WakeWordService: ğŸ¯ WAKEWORD_INIT: ========== INITIALIZING WAKE WORD DETECTION ==========
07-25 11:46:12.686 18734 18843 I WakeWordService: ğŸ¯ WAKEWORD_INIT: Service running: true, isRunning: true
07-25 11:46:12.686 18734 18843 I WakeWordService: ğŸ¯ WAKEWORD_SETUP: ======= Wake Word Configuration =======
07-25 11:46:12.686 18734 18843 I WakeWordService: ğŸ¯ WAKEWORD_SETUP: Selected wake word: 'Hey Juni'
07-25 11:46:12.686 18734 18843 I WakeWordService: ğŸ¯ WAKEWORD_SETUP: Threshold: 0.1
07-25 11:46:12.686 18734 18843 I WakeWordService: ğŸ¯ WAKEWORD_SETUP: Available wake words: [Hey Jarvis, Hey Juni, Hey Jasmine, Hey Jade, Hey Jay, Hey Jasper, Hey Jerry, Alexa, Alex, Aloe, Hey Mycroft, Hey Michael, Hey Mulberry, Hey Myrillis, Hey Marigold]
07-25 11:46:12.686 18734 18843 I WakeWordService: ğŸ¯ WAKEWORD_SETUP: =======================================
07-25 11:46:12.686 18734 18734 I WakeWordService: Initial voice state: com.anonymous.MobileJarvisNative.voice.VoiceManager$VoiceState$IDLE@38dcad2
07-25 11:46:12.686 18734 18843 I OpenWakeWordEngine: ğŸ”„ PHRASE_SWITCH: ========== CHANGING WAKE PHRASE ==========
07-25 11:46:12.686 18734 18843 I OpenWakeWordEngine: ğŸ”„ PHRASE_SWITCH: Requested phrase: 'Hey Juni'
07-25 11:46:12.686 18734 18843 I OpenWakeWordEngine: ğŸ”„ PHRASE_SWITCH: Mapped to model: 'hey_jarvis'
07-25 11:46:12.686 18734 18843 I OpenWakeWordEngine: ğŸ”„ PHRASE_SWITCH: Current model: 'hey_jarvis'
07-25 11:46:12.686 18734 18843 I OpenWakeWordEngine: ğŸ”„ PHRASE_SWITCH: â„¹ï¸ No model switch needed - already using 'hey_jarvis'
07-25 11:46:12.686 18734 18843 I OpenWakeWordEngine: ğŸ”„ PHRASE_SWITCH: =============================================
07-25 11:46:12.686 18734 18843 I WakeWordService: ğŸµ WAKE_WORD_SETUP: Requesting audio focus for wake word detection...
07-25 11:46:12.691 18734 18843 I WakeWordService: ğŸµ WAKE_WORD_SETUP: Audio focus GAINED for wake word detection
07-25 11:46:12.691 18734 18843 I WakeWordService: ğŸµ WAKE_WORD_SETUP: âœ… Audio focus acquired for wake word detection
07-25 11:46:12.724 18734 18843 D WakeWordService: Audio recording started successfully
07-25 11:46:12.724 18734 18843 I WakeWordService: ğŸ¯ WAKEWORD_INIT: Wake word detection initial state: isPaused = false
07-25 11:46:12.724 18734 18843 I WakeWordService: ğŸ¯ WAKEWORD_INIT: Service starting in resumed state
07-25 11:46:12.724 18734 18843 I WakeWordService: âœ… WAKEWORD_INIT: Wake word detection initialized and ready âœ…
07-25 11:46:12.724 18734 18843 I WakeWordService: ğŸ¯ WAKEWORD_INIT: ====================================================
07-25 11:46:12.725 18734 22743 I WakeWordService: ğŸ™ï¸ AUDIO_LOOP: ========== STARTING AUDIO PROCESSING LOOP ==========
07-25 11:46:12.725 18734 22743 I WakeWordService: ğŸ™ï¸ AUDIO_LOOP: Buffer size: 1280 samples (80ms)
07-25 11:46:12.725 18734 22743 I WakeWordService: ğŸ™ï¸ AUDIO_LOOP: Sample rate: 16000Hz
07-25 11:46:12.725 18734 22743 I WakeWordService: ğŸ™ï¸ AUDIO_LOOP: Wake word threshold: 0.1
07-25 11:46:12.725 18734 22743 I WakeWordService: ğŸ™ï¸ AUDIO_LOOP: =====================================================
07-25 11:46:12.895 18734 18866 I WakeWordModule: ğŸš€ START_DETECTION: ========== STARTING WAKE WORD DETECTION ==========
07-25 11:46:12.895 18734 18866 I WakeWordModule: ğŸš€ START_DETECTION: Service class: com.anonymous.MobileJarvisNative.wakeword.WakeWordService
07-25 11:46:12.895 18734 18866 I WakeWordModule: ğŸš€ START_DETECTION: Timestamp: 1753461972895
07-25 11:46:12.895 18734 18866 I WakeWordModule: ğŸš€ START_DETECTION: Android version: 34
07-25 11:46:12.895 18734 18866 I WakeWordModule: ğŸš€ START_DETECTION: Checking permissions...
07-25 11:46:12.896 18734 18866 I WakeWordModule: ğŸš€ START_DETECTION: RECORD_AUDIO permission: true
07-25 11:46:12.896 18734 18866 I WakeWordModule: ğŸš€ START_DETECTION: FOREGROUND_SERVICE_MICROPHONE permission: true
07-25 11:46:12.896 18734 18866 D WakeWordModule: Set wake_word_enabled preference to true
07-25 11:46:12.896 18734 18866 I WakeWordModule: ğŸš€ START_DETECTION: âœ… All permissions granted
07-25 11:46:12.896 18734 18866 I WakeWordModule: ğŸš€ START_DETECTION: â„¹ï¸ Service already running, updating state only
07-25 11:46:13.588 18734 18866 D WakeWordModule: Current wake word state: enabled=true, serviceRunning=true
07-25 11:46:13.590 18734 18866 D WakeWordModule: Current wake word state: enabled=true, serviceRunning=true
07-25 11:46:13.903 18734 18866 I WakeWordModule: ğŸš€ START_DETECTION: ========== STARTING WAKE WORD DETECTION ==========
07-25 11:46:13.904 18734 18866 I WakeWordModule: ğŸš€ START_DETECTION: Service class: com.anonymous.MobileJarvisNative.wakeword.WakeWordService
07-25 11:46:13.904 18734 18866 I WakeWordModule: ğŸš€ START_DETECTION: Timestamp: 1753461973904
07-25 11:46:13.904 18734 18866 I WakeWordModule: ğŸš€ START_DETECTION: Android version: 34
07-25 11:46:13.904 18734 18866 I WakeWordModule: ğŸš€ START_DETECTION: Checking permissions...
07-25 11:46:13.904 18734 18866 I WakeWordModule: ğŸš€ START_DETECTION: RECORD_AUDIO permission: true
07-25 11:46:13.904 18734 18866 I WakeWordModule: ğŸš€ START_DETECTION: FOREGROUND_SERVICE_MICROPHONE permission: true
07-25 11:46:13.904 18734 18866 D WakeWordModule: Set wake_word_enabled preference to true
07-25 11:46:13.904 18734 18866 I WakeWordModule: ğŸš€ START_DETECTION: âœ… All permissions granted
07-25 11:46:13.904 18734 18866 I WakeWordModule: ğŸš€ START_DETECTION: â„¹ï¸ Service already running, updating state only
07-25 11:46:20.045 18734 22743 D OpenWakeWordEngine: ğŸ™ï¸ AUDIO_PROC: High confidence detected: 0.258 (model: hey_jarvis)
07-25 11:46:20.046 18734 22743 W WakeWordService: ğŸ¯ WAKEWORD_TRIGGER: âš ï¸ Medium confidence trigger ignored: 0.2580 (count: 1, need >0.7)
07-25 11:46:20.166 18734 22743 D OpenWakeWordEngine: ğŸ™ï¸ AUDIO_PROC: High confidence detected: 0.959 (model: hey_jarvis)
07-25 11:46:20.166 18734 22743 I WakeWordService: ğŸ¯ WAKEWORD_TRIGGER: âš¡ WAKE WORD DETECTED! Confidence: 0.9595 (threshold: 0.1)
07-25 11:46:20.168 18734 22743 I WakeWordService: ğŸ”¥ WAKEWORD_USE: ================================================
07-25 11:46:20.168 18734 22743 I WakeWordService: ğŸ”¥ WAKEWORD_USE: *** WAKE WORD 'Hey Juni' ACTIVATED ***
07-25 11:46:20.168 18734 22743 I WakeWordService: ğŸ”¥ WAKEWORD_USE: Time: 11:46:20.167
07-25 11:46:20.168 18734 22743 I WakeWordService: ğŸ”¥ WAKEWORD_USE: Confidence: 0.9594978
07-25 11:46:20.168 18734 22743 I WakeWordService: ğŸ”¥ WAKEWORD_USE: Threshold: 0.1
07-25 11:46:20.168 18734 22743 I WakeWordService: ğŸ”¥ WAKEWORD_USE: Timestamp: 1753461980167
07-25 11:46:20.168 18734 22743 I WakeWordService: ğŸ”¥ WAKEWORD_USE: ================================================
07-25 11:46:20.168 18734 22743 I WakeWordService: ğŸ“¡ BROADCAST_SEND: ========== SENDING WAKE WORD BROADCAST ==========
07-25 11:46:20.168 18734 22743 I WakeWordService: ğŸ“¡ BROADCAST_SEND: Send timestamp: 1753461980168
07-25 11:46:20.169 18734 22743 I WakeWordService: ğŸ“¡ BROADCAST_SEND: Action: com.anonymous.MobileJarvisNative.WAKE_WORD_DETECTED_RN
07-25 11:46:20.169 18734 22743 I WakeWordService: ğŸ“¡ BROADCAST_SEND: Wake word: 'Hey Juni'
07-25 11:46:20.169 18734 22743 I WakeWordService: ğŸ“¡ BROADCAST_SEND: Confidence: 0.9594978
07-25 11:46:20.170 18734 22743 I WakeWordService: ğŸ“¡ BROADCAST_SEND: âœ… Broadcast sent successfully
07-25 11:46:20.170 18734 22743 I WakeWordService: ğŸ”¥ WAKEWORD_USE: âœ… Sent wake word detected broadcast to React Native
07-25 11:46:20.170 18734 22743 I WakeWordService: ğŸ“¡ BROADCAST_SEND: ====================================================
07-25 11:46:20.170 18734 22743 I VoiceManager: Wake word detected, stopping wake word detection but keeping listening on...
07-25 11:46:20.170 18734 22743 D VoiceManager: Voice state transition: IDLE -> WAKE_WORD_DETECTED
07-25 11:46:20.170 18734 18734 I WakeWordModule: ğŸ“» RECEIVER_TRIGGER: ========== BROADCAST RECEIVED ==========
07-25 11:46:20.170 18734 18734 I WakeWordModule: ğŸ“» RECEIVER_TRIGGER: Receive timestamp: 1753461980170
07-25 11:46:20.171 18734 18734 I WakeWordModule: ğŸ“» RECEIVER_TRIGGER: Intent action: com.anonymous.MobileJarvisNative.WAKE_WORD_DETECTED_RN
07-25 11:46:20.171 18734 22743 D VoiceManager: Active conversation state (WAKE_WORD_DETECTED), pausing wake word detection
07-25 11:46:20.171 18734 18734 I WakeWordModule: ğŸ“» RECEIVER_TRIGGER: Expected action: com.anonymous.MobileJarvisNative.WAKE_WORD_DETECTED_RN
07-25 11:46:20.171 18734 18734 I WakeWordModule: ğŸ“» RECEIVER_TRIGGER: Action matches: true
07-25 11:46:20.173 18734 22743 D VoiceManager: Sent broadcast to pause wake word detection but keep mic active
07-25 11:46:20.173 18734 22743 I VoiceManager: Initializing OpenAI Whisper client
07-25 11:46:20.173 18734 18734 I WakeWordModule: ğŸ“¡ RN_BRIDGE: ========== WAKE WORD BROADCAST RECEIVED ==========
07-25 11:46:20.173 18734 18734 I WakeWordModule: ğŸ“¡ RN_BRIDGE: ğŸ‘‚ WAKE WORD DETECTED EVENT FROM NATIVE SERVICE
07-25 11:46:20.173 18734 18734 I WakeWordModule: ğŸ“¡ RN_BRIDGE: ğŸ•’ Time: 11:46:20.167
07-25 11:46:20.173 18734 18734 I WakeWordModule: ğŸ“¡ RN_BRIDGE: ğŸ¯ Wake word: 'Hey Juni'
07-25 11:46:20.174 18734 18734 I WakeWordModule: ğŸ“¡ RN_BRIDGE: ğŸ“Š Confidence: 0.9595
07-25 11:46:20.174 18734 18734 I WakeWordModule: ğŸ“¡ RN_BRIDGE: ğŸš€ Forwarding to JavaScript...
07-25 11:46:20.174 18734 22743 D VoiceManager: Whisper client initialized successfully
07-25 11:46:20.174 18734 22743 I WakeWordService: ğŸ”¥ WAKEWORD_USE: âœ… Notified VoiceManager of wake word detection
07-25 11:46:20.174 18734 18734 D WakeWordModule: ğŸ“¡ SEND_EVENT: About to emit event 'wakeWordDetected' to React Native
07-25 11:46:20.174 18734 18734 D WakeWordModule: ğŸ“¡ SEND_EVENT: Params: {"wakeWord":"Hey Juni","confidence":0.9594978094100952,"timestamp":1753461980167}
07-25 11:46:20.174 18734 18734 D WakeWordModule: ğŸ“¡ SEND_EVENT: ReactApplicationContext available: true
07-25 11:46:20.174 18734 22743 I WakeWordService: ğŸ”¥ WAKEWORD_USE: Pausing wake word detection to prevent interruption during voice session
07-25 11:46:20.175 18734 22743 I WakeWordService: â¸ï¸ PAUSE_RESUME: ========== PAUSING WAKE WORD DETECTION ==========
07-25 11:46:20.175 18734 22743 I WakeWordService: â¸ï¸ PAUSE_RESUME: Timestamp: 1753461980175
07-25 11:46:20.175 18734 22743 I WakeWordService: â¸ï¸ PAUSE_RESUME: Reason: Voice session active - releasing mic for speech recognition
07-25 11:46:20.175 18734 22743 I WakeWordService: â¸ï¸ PAUSE_RESUME: Stopping recording thread...
07-25 11:46:20.175 18734 22743 I WakeWordService: â¸ï¸ PAUSE_RESUME: Stopping and releasing AudioRecord for mic handoff
07-25 11:46:20.175 18734 18734 D WakeWordModule: ğŸ“¡ SEND_EVENT: âœ… Event 'wakeWordDetected' emitted successfully to React Native
07-25 11:46:20.175 18734 18734 I WakeWordModule: ğŸ“¡ RN_BRIDGE: âœ… Wake word event sent to React Native successfully
07-25 11:46:20.175 18734 18734 I WakeWordModule: ğŸ“¡ RN_BRIDGE: =======================================================
07-25 11:46:20.191 18734 18734 D VoiceManager: Deepgram client initialized for future use
07-25 11:46:20.192 18734 18734 D VoiceManager: Starting speech recognition on main thread after wake word
07-25 11:46:20.192 18734 18734 D VoiceManager: startListening() called. Attempting to start speech recognition...
07-25 11:46:20.193 18734 18734 D VoiceManager: Sent broadcast to pause wake word detection during listening
07-25 11:46:20.193 18734 18734 I VoiceManager: ğŸµ SPEECH_RECOGNITION: Requesting HIGH PRIORITY audio focus for speech recognition
07-25 11:46:20.194 18734 18734 W WakeWordService: ğŸµ WAKE_WORD_SETUP: Audio focus LOST for wake word detection
07-25 11:46:20.198 18734 18734 I VoiceManager: ğŸµ SPEECH_RECOGNITION: HIGH PRIORITY audio focus gained for speech recognition
07-25 11:46:20.198 18734 18734 I VoiceManager: ğŸµ SPEECH_RECOGNITION: HIGH PRIORITY audio focus granted - starting SpeechRecognizer on main thread
07-25 11:46:20.198 18734 18734 D VoiceManager: Voice state transition: WAKE_WORD_DETECTED -> LISTENING
07-25 11:46:20.198 18734 18734 D VoiceManager: Active conversation state (LISTENING), pausing wake word detection
07-25 11:46:20.199 18734 18734 D VoiceManager: LISTENING state detected but isListening=false, reactivating speech recognizer
07-25 11:46:20.200 18734 18734 D VoiceManager: Speech recognition parameters: minLength=1000, completeSilence=3000, possibleSilence=1500
07-25 11:46:20.200 18734 18734 I VoiceManager: Using Android default timing parameters for SpeechRecognizer
07-25 11:46:20.200 18734 18734 I VoiceManager: SpeechRecognizer started listening.
07-25 11:46:20.209 18734 18734 I WakeWordService: ğŸ”¥ WAKEWORD_USE: âœ… Displayed detection toast to user
07-25 11:46:20.241 18734 18734 W VoiceManager: ğŸµ SPEECH_RECOGNITION: Audio focus lost for speech recognition
07-25 11:46:20.241 18734 18734 D VoiceManager: ğŸµ SPEECH_RECOGNITION: Transient audio focus loss - will wait for recovery
07-25 11:46:20.245 18734 22743 I WakeWordService: â¸ï¸ PAUSE_RESUME: âœ… AudioRecord released - mic available for speech recognition
07-25 11:46:20.246 18734 22743 E WakeWordService: â¸ï¸ PAUSE_RESUME: Error stopping recording thread/AudioRecord: null
07-25 11:46:20.246 18734 22743 E WakeWordService: java.lang.InterruptedException
07-25 11:46:20.246 18734 22743 E WakeWordService:       at java.lang.Object.wait(Native Method)
07-25 11:46:20.246 18734 22743 E WakeWordService:       at java.lang.Object.wait(Object.java:405)
07-25 11:46:20.246 18734 22743 E WakeWordService:       at java.lang.Thread.join(Thread.java:1531)
07-25 11:46:20.246 18734 22743 E WakeWordService:       at com.anonymous.MobileJarvisNative.wakeword.WakeWordService.pauseWakeWordButKeepMicActive(WakeWordService.kt:797)
07-25 11:46:20.246 18734 22743 E WakeWordService:       at com.anonymous.MobileJarvisNative.wakeword.WakeWordService.onWakeWordDetected(WakeWordService.kt:705)
07-25 11:46:20.246 18734 22743 E WakeWordService:       at com.anonymous.MobileJarvisNative.wakeword.WakeWordService.processAudioLoop(WakeWordService.kt:607)
07-25 11:46:20.246 18734 22743 E WakeWordService:       at com.anonymous.MobileJarvisNative.wakeword.WakeWordService.setupAudioRecording$lambda$2(WakeWordService.kt:494)
07-25 11:46:20.246 18734 22743 E WakeWordService:       at com.anonymous.MobileJarvisNative.wakeword.WakeWordService.$r8$lambda$m5tBsGI28oZjEBQcgc5hFS8MF8I(Unknown Source:0)
07-25 11:46:20.246 18734 22743 E WakeWordService:       at com.anonymous.MobileJarvisNative.wakeword.WakeWordService$$ExternalSyntheticLambda0.run(Unknown Source:2)
07-25 11:46:20.246 18734 22743 E WakeWordService:       at java.lang.Thread.run(Thread.java:1012)
07-25 11:46:20.246 18734 22743 D WakeWordService: â¸ï¸ PAUSE_RESUME: No wake word audio focus to release (current: speech_recognition_1753461980193)
07-25 11:46:20.249 18734 22743 I WakeWordService: â¸ï¸ PAUSE_RESUME: âœ… Wake word detection paused (mic released for speech recognition)
07-25 11:46:20.249 18734 22743 I WakeWordService: â¸ï¸ PAUSE_RESUME: Setting 2-minute auto-resume timer...
07-25 11:46:20.250 18734 18734 I WakeWordService: â¸ï¸ PAUSE_RESUME: ğŸ• Starting 2-minute auto-resume timer (coroutine: StandaloneCoroutine{Active}@34f365d)
07-25 11:46:20.250 18734 22743 I WakeWordService: â¸ï¸ PAUSE_RESUME: Auto-resume timer job created: StandaloneCoroutine{Active}@34f365d
07-25 11:46:20.250 18734 22743 I WakeWordService: â¸ï¸ PAUSE_RESUME: ====================================================
07-25 11:46:20.254 18734 22743 I WakeWordService: ğŸ™ï¸ AUDIO_LOOP: Audio processing loop ended (isRunning: false, interrupted: false)
07-25 11:46:20.300 18734 18734 D VoiceManager: Restarting speech recognition for continuous conversation
07-25 11:46:20.300 18734 18734 D VoiceManager: startListening() called. Attempting to start speech recognition...
07-25 11:46:20.302 18734 18734 D VoiceManager: Sent broadcast to pause wake word detection during listening
07-25 11:46:20.302 18734 18734 I VoiceManager: ğŸµ SPEECH_RECOGNITION: Requesting HIGH PRIORITY audio focus for speech recognition
07-25 11:46:20.413 18734 18734 I VoiceManager: ğŸµ SPEECH_RECOGNITION: HIGH PRIORITY audio focus gained for speech recognition
07-25 11:46:20.413 18734 18734 I VoiceManager: ğŸµ SPEECH_RECOGNITION: HIGH PRIORITY audio focus granted - starting SpeechRecognizer on main thread
07-25 11:46:20.413 18734 18734 D VoiceManager: Ignoring duplicate state change: LISTENING
07-25 11:46:20.413 18734 18734 D VoiceManager: Speech recognition parameters: minLength=1000, completeSilence=3000, possibleSilence=1500
07-25 11:46:20.413 18734 18734 I VoiceManager: Using Android default timing parameters for SpeechRecognizer
07-25 11:46:20.413 18734 18734 I VoiceManager: SpeechRecognizer started listening.
07-25 11:46:20.429 18734 18734 D VoiceManager: Ready for speech
07-25 11:46:20.437 18734 18734 E VoiceManager: Speech recognition error: Client error
07-25 11:46:25.424 18734 18734 E VoiceManager: Speech recognition error: No recognition match
07-25 11:46:25.424 18734 18734 D VoiceManager: ğŸµ SPEECH_RECOGNITION: Releasing audio focus before retry
07-25 11:46:25.428 18734 18734 D VoiceManager: ğŸµ Released audio focus for speech recognition (ID: speech_recognition_1753461980302)
07-25 11:46:25.428 18734 18734 D VoiceManager: No speech detected
07-25 11:46:25.428 18734 18734 D VoiceManager: Maximum retry attempts reached (1), resetting to idle
07-25 11:46:25.428 18734 18734 I VoiceManager: Message: I didn't hear anything. Please try saying 'Jarvis' again when you're ready.
07-25 11:46:25.931 18734 18734 D VoiceManager: Voice state transition: RESPONDING -> IDLE
07-25 11:46:25.933 18734 18734 D VoiceManager: Conversation completed, re-enabling wake word detection
07-25 11:46:25.937 18734 18734 I VoiceManager: ğŸ”„ WAKE_WORD_RESUME: Sent broadcast to resume wake word detection
07-25 11:46:25.938 18734 18734 D VoiceManager: ğŸ”„ WAKE_WORD_RESUME: Broadcast action: com.anonymous.MobileJarvisNative.RESUME_WAKE_WORD
07-25 11:46:25.938 18734 18734 D VoiceManager: ğŸ”„ WAKE_WORD_RESUME: Package name: com.anonymous.MobileJarvisNative
07-25 11:46:25.950 18734 18734 I WakeWordService: ğŸ”„ WAKE_WORD_RESUME: ========== RESUME BROADCAST RECEIVED ==========
07-25 11:46:25.950 18734 18734 I WakeWordService: ğŸ”„ WAKE_WORD_RESUME: Action: com.anonymous.MobileJarvisNative.RESUME_WAKE_WORD
07-25 11:46:25.950 18734 18734 I WakeWordService: ğŸ”„ WAKE_WORD_RESUME: Package: com.anonymous.MobileJarvisNative
07-25 11:46:25.950 18734 18734 I WakeWordService: ğŸ”„ WAKE_WORD_RESUME: Calling resumeWakeWordDetectionFromPaused()
07-25 11:46:25.950 18734 18734 I WakeWordService: â–¶ï¸ PAUSE_RESUME: ========== RESUMING WAKE WORD DETECTION ==========
07-25 11:46:25.951 18734 18734 I WakeWordService: â–¶ï¸ PAUSE_RESUME: Timestamp: 1753461985951
07-25 11:46:25.951 18734 18734 I WakeWordService: â–¶ï¸ PAUSE_RESUME: Previous state: Paused
07-25 11:46:25.951 18734 18734 I WakeWordService: â–¶ï¸ PAUSE_RESUME: Resetting openWakeWordEngine singleton state...
07-25 11:46:25.951 18734 18734 D OpenWakeWordEngine: Cleaning up OpenWakeWord engine...
07-25 11:46:25.960 18734 18734 D OpenWakeWordEngine: OpenWakeWord engine cleaned up and singleton instance reset
07-25 11:46:25.960 18734 18734 I WakeWordService: â–¶ï¸ PAUSE_RESUME: âœ… OpenWakeWordEngine singleton reset successfully
07-25 11:46:25.960 18734 18734 I OpenWakeWordEngine: ğŸš€ ENGINE_INIT: ========== INITIALIZING OPENWAKEWORD ENGINE ==========
07-25 11:46:25.960 18734 18734 I OpenWakeWordEngine: ğŸš€ ENGINE_INIT: Starting ONNX Runtime initialization...
07-25 11:46:25.960 18734 18734 I OpenWakeWordEngine: ğŸš€ ENGINE_INIT: Loading base models (mel + embedding)...
07-25 11:46:25.960 18734 18734 D OpenWakeWordEngine: ONNX Runtime environment initialized
07-25 11:46:25.960 18734 18734 D OpenWakeWordEngine: ğŸ”§ STEP 1: Loading melspectrogram.onnx model...
07-25 11:46:25.966 18734 18734 D OpenWakeWordEngine: Loaded model models/melspectrogram.onnx (1087958 bytes)
07-25 11:46:25.967 18734 18734 D OpenWakeWordEngine: ğŸ“Š Mel model size: 1087958 bytes
07-25 11:46:25.967 18734 18734 D OpenWakeWordEngine: ğŸ”§ STEP 2: Creating ONNX session for mel spectrogram...
07-25 11:46:25.983 18734 18734 D OpenWakeWordEngine: âœ… STEP 2 COMPLETE: Mel spectrogram session created successfully!
07-25 11:46:25.984 18734 18734 D OpenWakeWordEngine: Mel model - Input names: [input]
07-25 11:46:25.984 18734 18734 D OpenWakeWordEngine: Mel model - Output names: [output]
07-25 11:46:25.984 18734 18734 I OpenWakeWordEngine: ğŸ” MODEL_INSPECTION: ========== Mel MODEL TENSOR SHAPES ==========
07-25 11:46:25.984 18734 18734 I OpenWakeWordEngine: ğŸ” MODEL_INSPECTION: Input tensors:
07-25 11:46:25.984 18734 18734 I OpenWakeWordEngine: ğŸ” MODEL_INSPECTION:   Input 'input': info available=true
07-25 11:46:25.984 18734 18734 I OpenWakeWordEngine: ğŸ” MODEL_INSPECTION: Output tensors:
07-25 11:46:25.984 18734 18734 I OpenWakeWordEngine: ğŸ” MODEL_INSPECTION:   Output 'output': info available=true
07-25 11:46:25.984 18734 18734 I OpenWakeWordEngine: ğŸ”§ TENSOR_VALIDATION: Validating Mel tensor shapes...
07-25 11:46:25.984 18734 18734 I OpenWakeWordEngine: ğŸ”§ TENSOR_VALIDATION: Mel model expects:
07-25 11:46:25.984 18734 18734 I OpenWakeWordEngine: ğŸ”§ TENSOR_VALIDATION:   Input: [1, audio_samples] - variable audio length
07-25 11:46:25.984 18734 18734 I OpenWakeWordEngine: ğŸ”§ TENSOR_VALIDATION:   Output: [1, 1, mel_bins, time_frames] - produces mel spectrogram
07-25 11:46:25.984 18734 18734 I OpenWakeWordEngine: ğŸ”§ TENSOR_VALIDATION: âœ… Tensor shape validation completed for Mel
07-25 11:46:25.984 18734 18734 I OpenWakeWordEngine: ğŸ” MODEL_INSPECTION: ===================================================
07-25 11:46:25.984 18734 18734 D OpenWakeWordEngine: âœ… Mel spectrogram model fully initialized
07-25 11:46:25.984 18734 18734 D OpenWakeWordEngine: ğŸ”§ STEP 3: Loading embedding_model.onnx...
07-25 11:46:25.994 18734 18734 D OpenWakeWordEngine: Loaded model models/embedding_model.onnx (1326578 bytes)
07-25 11:46:25.994 18734 18734 D OpenWakeWordEngine: ğŸ“Š Embedding model size: 1326578 bytes
07-25 11:46:26.023 18734 18734 D OpenWakeWordEngine: âœ… STEP 3 COMPLETE: Embedding session created successfully!
07-25 11:46:26.023 18734 18734 D OpenWakeWordEngine: Embedding model - Input names: [input_1]
07-25 11:46:26.023 18734 18734 D OpenWakeWordEngine: Embedding model - Output names: [conv2d_19]
07-25 11:46:26.023 18734 18734 I OpenWakeWordEngine: ğŸ” MODEL_INSPECTION: ========== Embedding MODEL TENSOR SHAPES ==========
07-25 11:46:26.023 18734 18734 I OpenWakeWordEngine: ğŸ” MODEL_INSPECTION: Input tensors:
07-25 11:46:26.023 18734 18734 I OpenWakeWordEngine: ğŸ” MODEL_INSPECTION:   Input 'input_1': info available=true
07-25 11:46:26.023 18734 18734 I OpenWakeWordEngine: ğŸ” MODEL_INSPECTION: Output tensors:
07-25 11:46:26.023 18734 18734 I OpenWakeWordEngine: ğŸ” MODEL_INSPECTION:   Output 'conv2d_19': info available=true
07-25 11:46:26.023 18734 18734 I OpenWakeWordEngine: ğŸ”§ TENSOR_VALIDATION: Validating Embedding tensor shapes...
07-25 11:46:26.023 18734 18734 I OpenWakeWordEngine: ğŸ”§ TENSOR_VALIDATION: Embedding model expects:
07-25 11:46:26.024 18734 18734 I OpenWakeWordEngine: ğŸ”§ TENSOR_VALIDATION:   Input: [1, 76, 32, 1] - fixed size mel spectrogram
07-25 11:46:26.024 18734 18734 I OpenWakeWordEngine: ğŸ”§ TENSOR_VALIDATION:   Output: [1, 16, 96] - 16 sequences Ã— 96 features = 1536 total
07-25 11:46:26.024 18734 18734 I OpenWakeWordEngine: ğŸ”§ TENSOR_VALIDATION: âœ… Tensor shape validation completed for Embedding
07-25 11:46:26.024 18734 18734 I OpenWakeWordEngine: ğŸ” MODEL_INSPECTION: ===================================================
07-25 11:46:26.024 18734 18734 D OpenWakeWordEngine: âœ… All base ONNX models loaded successfully
07-25 11:46:26.024 18734 18734 I OpenWakeWordEngine: ğŸš€ ENGINE_INIT: âœ… Base models loaded successfully
07-25 11:46:26.024 18734 18734 I OpenWakeWordEngine: ğŸš€ ENGINE_INIT: Loading default wake word model: 'hey_jarvis'
07-25 11:46:26.024 18734 18734 D OpenWakeWordEngine: Loading wake word model: hey_jarvis_v0.1.onnx
07-25 11:46:26.032 18734 18734 D OpenWakeWordEngine: Loaded model models/hey_jarvis_v0.1.onnx (1271370 bytes)
07-25 11:46:26.033 18734 18734 D OpenWakeWordEngine: Wake word model size: 1271370 bytes
07-25 11:46:26.062 18734 18734 D OpenWakeWordEngine: Wake word ONNX session created successfully
07-25 11:46:26.062 18734 18734 D OpenWakeWordEngine: Wake word model - Input names: [x.1]
07-25 11:46:26.062 18734 18734 D OpenWakeWordEngine: Wake word model - Output names: [53]
07-25 11:46:26.062 18734 18734 I OpenWakeWordEngine: ğŸ” MODEL_INSPECTION: ========== WakeWord (hey_jarvis) MODEL TENSOR SHAPES ==========
07-25 11:46:26.062 18734 18734 I OpenWakeWordEngine: ğŸ” MODEL_INSPECTION: Input tensors:
07-25 11:46:26.062 18734 18734 I OpenWakeWordEngine: ğŸ” MODEL_INSPECTION:   Input 'x.1': info available=true
07-25 11:46:26.062 18734 18734 I OpenWakeWordEngine: ğŸ” MODEL_INSPECTION: Output tensors:
07-25 11:46:26.062 18734 18734 I OpenWakeWordEngine: ğŸ” MODEL_INSPECTION:   Output '53': info available=true
07-25 11:46:26.062 18734 18734 I OpenWakeWordEngine: ğŸ”§ TENSOR_VALIDATION: Validating WakeWord (hey_jarvis) tensor shapes...
07-25 11:46:26.062 18734 18734 I OpenWakeWordEngine: ğŸ”§ TENSOR_VALIDATION: Wake word model expects:
07-25 11:46:26.062 18734 18734 I OpenWakeWordEngine: ğŸ”§ TENSOR_VALIDATION:   Input: [1, 16, 96] - embeddings from embedding model
07-25 11:46:26.062 18734 18734 I OpenWakeWordEngine: ğŸ”§ TENSOR_VALIDATION:   Output: [1, 1] or [1] - confidence score
07-25 11:46:26.062 18734 18734 I OpenWakeWordEngine: ğŸ”§ TENSOR_VALIDATION: âœ… Tensor shape validation completed for WakeWord (hey_jarvis)
07-25 11:46:26.062 18734 18734 I OpenWakeWordEngine: ğŸ” MODEL_INSPECTION: ===================================================
07-25 11:46:26.062 18734 18734 D OpenWakeWordEngine: Wake word model 'hey_jarvis' loaded successfully
07-25 11:46:26.062 18734 18734 I OpenWakeWordEngine: ğŸš€ ENGINE_INIT: âœ… Wake word model loaded successfully
07-25 11:46:26.062 18734 18734 I OpenWakeWordEngine: ğŸš€ ENGINE_INIT: âœ… OpenWakeWord engine initialized successfully
07-25 11:46:26.062 18734 18734 I OpenWakeWordEngine: ğŸš€ ENGINE_INIT: =====================================================
07-25 11:46:26.062 18734 18734 I OpenWakeWordEngine: ğŸ”„ PHRASE_SWITCH: ========== CHANGING WAKE PHRASE ==========
07-25 11:46:26.062 18734 18734 I OpenWakeWordEngine: ğŸ”„ PHRASE_SWITCH: Requested phrase: 'Hey Juni'
07-25 11:46:26.062 18734 18734 I OpenWakeWordEngine: ğŸ”„ PHRASE_SWITCH: Mapped to model: 'hey_jarvis'
07-25 11:46:26.062 18734 18734 I OpenWakeWordEngine: ğŸ”„ PHRASE_SWITCH: Current model: 'hey_jarvis'
07-25 11:46:26.062 18734 18734 I OpenWakeWordEngine: ğŸ”„ PHRASE_SWITCH: â„¹ï¸ No model switch needed - already using 'hey_jarvis'
07-25 11:46:26.062 18734 18734 I OpenWakeWordEngine: ğŸ”„ PHRASE_SWITCH: =============================================
07-25 11:46:26.062 18734 18734 I WakeWordService: â–¶ï¸ PAUSE_RESUME: âœ… Fresh OpenWakeWordEngine instance initialized and ready
07-25 11:46:26.062 18734 18734 I WakeWordService: â–¶ï¸ PAUSE_RESUME: Active wake phrase: 'Hey Juni'
07-25 11:46:26.062 18734 18734 I WakeWordService: â–¶ï¸ PAUSE_RESUME: âœ… Detection state variables reset
07-25 11:46:26.062 18734 18734 I WakeWordService: â–¶ï¸ PAUSE_RESUME: Resume cooldown active for 2000ms to prevent false detections
07-25 11:46:26.062 18734 18734 I WakeWordService: â–¶ï¸ PAUSE_RESUME: Reinitializing AudioRecord and recording thread for wake word detection
07-25 11:46:26.062 18734 18734 I WakeWordService: ğŸµ WAKE_WORD_SETUP: Requesting audio focus for wake word detection...
07-25 11:46:26.065 18734 18734 I WakeWordService: ğŸµ WAKE_WORD_SETUP: Audio focus GAINED for wake word detection
07-25 11:46:26.065 18734 18734 I WakeWordService: ğŸµ WAKE_WORD_SETUP: âœ… Audio focus acquired for wake word detection
07-25 11:46:26.100 18734 18734 D WakeWordService: Audio recording started successfully
07-25 11:46:26.100 18734 18734 I WakeWordService: â–¶ï¸ PAUSE_RESUME: âœ… AudioRecord and recording thread reinitialized and started
07-25 11:46:26.101 18734 18734 I WakeWordService: â–¶ï¸ PAUSE_RESUME: Wake word threshold: 0.1
07-25 11:46:26.101 18734 22817 I WakeWordService: ğŸ™ï¸ AUDIO_LOOP: ========== STARTING AUDIO PROCESSING LOOP ==========
07-25 11:46:26.101 18734 22817 I WakeWordService: ğŸ™ï¸ AUDIO_LOOP: Buffer size: 1280 samples (80ms)
07-25 11:46:26.101 18734 22817 I WakeWordService: ğŸ™ï¸ AUDIO_LOOP: Sample rate: 16000Hz
07-25 11:46:26.101 18734 22817 I WakeWordService: ğŸ™ï¸ AUDIO_LOOP: Wake word threshold: 0.1
07-25 11:46:26.101 18734 22817 I WakeWordService: ğŸ™ï¸ AUDIO_LOOP: =====================================================
07-25 11:46:26.103 18734 18734 I WakeWordService: â–¶ï¸ PAUSE_RESUME: âœ… Wake word detection resumed successfully
07-25 11:46:26.103 18734 18734 I WakeWordService: â–¶ï¸ PAUSE_RESUME: ====================================================
07-25 11:46:26.103 18734 18734 I WakeWordService: ğŸ”„ WAKE_WORD_RESUME: ======================================
07-25 11:46:26.438 18734 18734 D VoiceManager: ğŸ”„ WAKE_WORD_RESUME: Broadcast sent, WakeWordService should have resumed by now
07-25 11:46:56.128 18734 22817 D WakeWordService: ğŸ™ï¸ AUDIO_LOOP: Processed 282 chunks in 30s (isPaused: false)
